Change Component Parameter Comment in C26 Old= New=CAP
Change Component Parameter Description in C26 Old=C0603C104K5RACTU New=
Change Component Parameter Comment in C27 Old= New=CAP
Change Component Parameter Description in C27 Old=C0603X473K5RAC3316 New=
Change Component Parameter Comment in C28 Old= New=CAP
Change Component Parameter Description in C28 Old=C0603C104K5RACTU New=
Change Component Parameter Comment in C29 Old= New=CAP
Change Component Parameter Description in C29 Old=C0603C104K5RACTU New=
Change Component Parameter Comment in D3 Old= New=ESD_Diode
Change Component Parameter Comment in L3 Old= New=IND
Change Component Parameter Description in L3 Old=BLM18HB331SN1D New=
Change Component Parameter Comment in L4 Old= New=IND
Change Component Parameter Description in L4 Old=BLM18HB331SN1D New=
Change Component Parameter Comment in R9 Old= New=Res
Change Component Parameter Description in R9 Old=CRCW0603120RFKEA New=
Change Component Parameter Comment in R10 Old= New=Res
Change Component Parameter Description in R10 Old= New=
Change Component Parameter Comment in R11 Old= New=Res
Change Component Parameter Description in R11 Old=CRCW060310K0FKEA New=
Change Component Parameter Comment in TP6 Old= New=TP
Change Component Parameter Description in TP6 Old=Test Poin New=
Change Component Parameter Comment in TP7 Old= New=TP
Change Component Parameter Description in TP7 Old=Test Poin New=
