Removed Pin From Net: NetName=STATUS_OUT_H1_ERR Pin=U14-1
Removed Pin From Net: NetName=STATUS_OUT_H1_OK Pin=U14-2
Removed Pin From Net: NetName=STATUS_OUT_H2_ERR Pin=U14-3
Removed Pin From Net: NetName=STATUS_OUT_H2_OK Pin=U14-4
Removed Pin From Net: NetName=STATUS_OUT_H3_ERR Pin=U14-5
Removed Pin From Net: NetName=STATUS_OUT_H3_OK Pin=U14-6
Removed Pin From Net: NetName=STATUS_OUT_M1_ERR Pin=U14-7
Removed Pin From Net: NetName=STATUS_OUT_M1_OK Pin=U14-8
Removed Pin From Net: NetName=STATUS_OUT_L1_ERR Pin=U14-11
Removed Pin From Net: NetName=STATUS_OUT_L1_OK Pin=U14-12
Removed Pin From Net: NetName=STATUS_OUT_L2_ERR Pin=U14-13
Removed Pin From Net: NetName=STATUS_OUT_L2_OK Pin=U14-14
Removed Pin From Net: NetName=STATUS_OUT_L3_ERR Pin=U14-15
Removed Pin From Net: NetName=STATUS_OUT_L3_OK Pin=U14-16
Removed Pin From Net: NetName=STATUS_OUT_L4_ERR Pin=U14-17
Removed Pin From Net: NetName=STATUS_OUT_L4_OK Pin=U14-18
Added Pin To Net: NetName=STATUS_OUT_L4_ERR Pin=U14-1
Added Pin To Net: NetName=STATUS_OUT_L4_OK Pin=U14-2
Added Pin To Net: NetName=STATUS_OUT_L3_ERR Pin=U14-3
Added Pin To Net: NetName=STATUS_OUT_L3_OK Pin=U14-4
Added Pin To Net: NetName=STATUS_OUT_L2_ERR Pin=U14-5
Added Pin To Net: NetName=STATUS_OUT_L2_OK Pin=U14-6
Added Pin To Net: NetName=STATUS_OUT_L1_ERR Pin=U14-7
Added Pin To Net: NetName=STATUS_OUT_L1_OK Pin=U14-8
Added Pin To Net: NetName=STATUS_OUT_M1_ERR Pin=U14-11
Added Pin To Net: NetName=STATUS_OUT_M1_OK Pin=U14-12
Added Pin To Net: NetName=STATUS_OUT_H3_ERR Pin=U14-13
Added Pin To Net: NetName=STATUS_OUT_H3_OK Pin=U14-14
Added Pin To Net: NetName=STATUS_OUT_H2_ERR Pin=U14-15
Added Pin To Net: NetName=STATUS_OUT_H2_OK Pin=U14-16
Added Pin To Net: NetName=STATUS_OUT_H1_ERR Pin=U14-17
Added Pin To Net: NetName=STATUS_OUT_H1_OK Pin=U14-18
