Removed Pin From Net: NetName=+3V3 Pin=J2-7
Removed Pin From Net: NetName=MCU_IS_L1_2 Pin=U3-14
Removed Pin From Net: NetName=MCU_IS_L3_4 Pin=U3-15
Change Component Comment : Designator=TP1 Old Comment=BOOT0 New Comment=TP
Change Component Comment : Designator=TP21 Old Comment=CC1 New Comment=Test_Point
Change Component Comment : Designator=TP22 Old Comment=CC2 New Comment=Test_Point
Change Component Comment : Designator=TP3 Old Comment=CLK New Comment=TP
Change Component Comment : Designator=TP2 Old Comment=DIO New Comment=TP
Change Component Comment : Designator=TP5 Old Comment=RST New Comment=TP
Change Component Comment : Designator=TP20 Old Comment=SBU1 New Comment=Test_Point
Change Component Comment : Designator=TP19 Old Comment=SBU2 New Comment=Test_Point
Change Component Comment : Designator=TP4 Old Comment=SWO New Comment=TP
Added Component: Designator=TP10(TP_c200)
Added Component: Designator=TP11(TP_c200)
Added Component: Designator=TP17(TP_c200)
Added Component: Designator=TP18(TP_c200)
Added Component: Designator=TP23(TP_c200)
Added Pin To Net: NetName=IGNITION Pin=J2-7
Added Pin To Net: NetName=NetR35_1 Pin=TP10-1
Added Pin To Net: NetName=NetR41_1 Pin=TP11-1
Added Pin To Net: NetName=NetR106_1 Pin=TP17-1
Added Pin To Net: NetName=NetR117_1 Pin=TP18-1
Added Pin To Net: NetName=NetR154_1 Pin=TP23-1
Added Pin To Net: NetName=MCU_IS_L1 Pin=U3-15
Added Net: Name=MCU_IS_L1
Added Pin To Net: NetName=MCU_IS_L2 Pin=U3-14
Added Net: Name=MCU_IS_L2
Added Member To Class: ClassName=MID_CURR_MOS Member=Component TP10 TP
Added Member To Class: ClassName=MID_CURR_MOS Member=Component TP11 TP
Added Member To Class: ClassName=LOW_CURR_MOS Member=Component TP17 TP
Added Member To Class: ClassName=LOW_CURR_MOS Member=Component TP18 TP
Added Member To Class: ClassName=HIGH_CURR_MOS2 Member=Component TP23 TP
