Change Component Footprint: Designator=C31 Old Footprint=CAPC3216X16M New Footprint=CAPC2012X14N
Change Component Footprint: Designator=C35 Old Footprint=CAPC3216X16M New Footprint=CAPC2012X14N
Change Component Footprint: Designator=C39 Old Footprint=CAPC3216X16M New Footprint=CAPC2012X14N
Change Component Footprint: Designator=C43 Old Footprint=CAPC3216X16M New Footprint=CAPC2012X14N
Change Component Footprint: Designator=C63 Old Footprint=CAPC3216X16M New Footprint=CAPC2012X14N
Change Component Footprint: Designator=C68 Old Footprint=CAPC3216X16M New Footprint=CAPC2012X14N
Change Component Footprint: Designator=C73 Old Footprint=CAPC3216X16M New Footprint=CAPC2012X14N
Change component parameters: Designator = "C31" ("C31"); Footprint = "CAPC3216X16M"; UniqueID = "\PIESTQLN" ("\PIESTQLN")
Change component parameters (AddParameter): Name = "Case"; Value = "0805"; VariantName = "[No Variations]"
Change component parameters (AddParameter): Name = "Manufacturer"; Value = ""; VariantName = "[No Variations]"
Change component parameters (AddParameter): Name = "PartNumber"; Value = ""; VariantName = "[No Variations]"
Change component parameters (AddParameter): Name = "Value"; Value = "10n"; VariantName = "[No Variations]"
Change component parameters (AddParameter): Name = "Voltage"; Value = "Voltage"; VariantName = "[No Variations]"
Change component parameters: Designator = "C35" ("C35"); Footprint = "CAPC3216X16M"; UniqueID = "\DMBCONAS" ("\DMBCONAS")
Change component parameters (AddParameter): Name = "Case"; Value = "0805"; VariantName = "[No Variations]"
Change component parameters (AddParameter): Name = "Manufacturer"; Value = ""; VariantName = "[No Variations]"
Change component parameters (AddParameter): Name = "PartNumber"; Value = ""; VariantName = "[No Variations]"
Change component parameters (AddParameter): Name = "Value"; Value = "10n"; VariantName = "[No Variations]"
Change component parameters (AddParameter): Name = "Voltage"; Value = "Voltage"; VariantName = "[No Variations]"
Change component parameters: Designator = "C39" ("C39"); Footprint = "CAPC3216X16M"; UniqueID = "\JCVWTAXU" ("\JCVWTAXU")
Change component parameters (AddParameter): Name = "Case"; Value = "0805"; VariantName = "[No Variations]"
Change component parameters (AddParameter): Name = "Manufacturer"; Value = ""; VariantName = "[No Variations]"
Change component parameters (AddParameter): Name = "PartNumber"; Value = ""; VariantName = "[No Variations]"
Change component parameters (AddParameter): Name = "Value"; Value = "10n"; VariantName = "[No Variations]"
Change component parameters (AddParameter): Name = "Voltage"; Value = "Voltage"; VariantName = "[No Variations]"
Change component parameters: Designator = "C43" ("C43"); Footprint = "CAPC3216X16M"; UniqueID = "\YUDIDCVS" ("\YUDIDCVS")
Change component parameters (AddParameter): Name = "Case"; Value = "0805"; VariantName = "[No Variations]"
Change component parameters (AddParameter): Name = "Manufacturer"; Value = ""; VariantName = "[No Variations]"
Change component parameters (AddParameter): Name = "PartNumber"; Value = ""; VariantName = "[No Variations]"
Change component parameters (AddParameter): Name = "Value"; Value = "10n"; VariantName = "[No Variations]"
Change component parameters (AddParameter): Name = "Voltage"; Value = "Voltage"; VariantName = "[No Variations]"
Change component parameters: Designator = "C63" ("C63"); Footprint = "CAPC3216X16M"; UniqueID = "\IQMMXGXX" ("\IQMMXGXX")
Change component parameters (AddParameter): Name = "Case"; Value = "0805"; VariantName = "[No Variations]"
Change component parameters (AddParameter): Name = "Manufacturer"; Value = ""; VariantName = "[No Variations]"
Change component parameters (AddParameter): Name = "PartNumber"; Value = ""; VariantName = "[No Variations]"
Change component parameters (AddParameter): Name = "Value"; Value = "10n"; VariantName = "[No Variations]"
Change component parameters (AddParameter): Name = "Voltage"; Value = "Voltage"; VariantName = "[No Variations]"
Change component parameters: Designator = "C68" ("C68"); Footprint = "CAPC3216X16M"; UniqueID = "\LAQIPZGH" ("\LAQIPZGH")
Change component parameters (AddParameter): Name = "Case"; Value = "0805"; VariantName = "[No Variations]"
Change component parameters (AddParameter): Name = "Manufacturer"; Value = ""; VariantName = "[No Variations]"
Change component parameters (AddParameter): Name = "PartNumber"; Value = ""; VariantName = "[No Variations]"
Change component parameters (AddParameter): Name = "Value"; Value = "10n"; VariantName = "[No Variations]"
Change component parameters (AddParameter): Name = "Voltage"; Value = "Voltage"; VariantName = "[No Variations]"
Change component parameters: Designator = "C73" ("C73"); Footprint = "CAPC3216X16M"; UniqueID = "\NXIDDJGT" ("\NXIDDJGT")
Change component parameters (AddParameter): Name = "Case"; Value = "0805"; VariantName = "[No Variations]"
Change component parameters (AddParameter): Name = "Manufacturer"; Value = ""; VariantName = "[No Variations]"
Change component parameters (AddParameter): Name = "PartNumber"; Value = ""; VariantName = "[No Variations]"
Change component parameters (AddParameter): Name = "Value"; Value = "10n"; VariantName = "[No Variations]"
Change component parameters (AddParameter): Name = "Voltage"; Value = "Voltage"; VariantName = "[No Variations]"
