Removed Parameter SMD/PTH:SMD from Part C53
Removed Parameter SMD/PTH:SMD from Part C54
Removed Parameter SMD/PTH:SMD from Part C55
Removed Parameter SMD/PTH:SMD from Part C56
Removed Parameter SMD/PTH:SMD from Part R78
Removed Parameter SMD/PTH:SMD from Part R79
Removed Parameter SMD/PTH:SMD from Part R80
Removed Parameter SMD/PTH:SMD from Part R81
Removed Parameter SMD/PTH:SMD from Part R82
Removed Parameter SMD/PTH:SMD from Part R83
Removed Parameter SMD/PTH:SMD from Part R84
Removed Parameter SMD/PTH:SMD from Part R85
Removed Parameter SMD/PTH:SMD from Part R86
Removed Parameter SMD/PTH:SMD from Part R87
Removed Parameter SMD/PTH:SMD from Part R88
Removed Parameter SMD/PTH:SMD from Part R89
Removed Parameter SMD/PTH:SMD from Part R90
Removed Parameter SMD/PTH:SMD from Part R91
Removed Parameter SMD/PTH:SMD from Part R92
Removed Parameter SMD/PTH:SMD from Part R93
Change Value of Parameter Manufacturer in Part R78 Old=Vishay New=YAGEO
Change Value of Parameter PartNumber in Part R78 Old=CRCW060310K0FKEA New=AC0603FR-0710KL
Change Value of Parameter Manufacturer in Part R79 Old=Vishay New=YAGEO
Change Value of Parameter PartNumber in Part R79 Old=CRCW060310K0FKEA New=AC0603FR-0710KL
Change Value of Parameter Manufacturer in Part R80 Old=Vishay New=YAGEO
Change Value of Parameter PartNumber in Part R80 Old=CRCW06034K70FKEB New= RC0603FR-074K7L
Change Value of Parameter Manufacturer in Part R81 Old=Vishay New=YAGEO
Change Value of Parameter PartNumber in Part R81 Old=CRCW06034K70FKEB New= RC0603FR-074K7L
Change Value of Parameter Manufacturer in Part R82 Old=Vishay New=YAGEO
Change Value of Parameter PartNumber in Part R82 Old=CRCW06034K70FKEB New= RC0603FR-074K7L
Change Value of Parameter Manufacturer in Part R83 Old=Vishay New=YAGEO
Change Value of Parameter PartNumber in Part R83 Old=CRCW06034K70FKEB New= RC0603FR-074K7L
Change Value of Parameter Manufacturer in Part R84 Old=Vishay New=YAGEO
Change Value of Parameter PartNumber in Part R84 Old=CRCW060310K0FKEA New=AC0603FR-0710KL
Change Value of Parameter Manufacturer in Part R85 Old=Vishay New=YAGEO
Change Value of Parameter PartNumber in Part R85 Old=CRCW060310K0FKEA New=AC0603FR-0710KL
Change Value of Parameter Manufacturer in Part R86 Old=Vishay New=YAGEO
Change Value of Parameter PartNumber in Part R86 Old=CRCW060310K0FKEA New=AC0603FR-0710KL
Change Value of Parameter Manufacturer in Part R87 Old=Vishay New=YAGEO
Change Value of Parameter PartNumber in Part R87 Old=CRCW060310K0FKEA New=AC0603FR-0710KL
Change Value of Parameter Manufacturer in Part R88 Old=Vishay New=YAGEO
Change Value of Parameter PartNumber in Part R88 Old=CRCW06034K70FKEB New= RC0603FR-074K7L
Change Value of Parameter Manufacturer in Part R89 Old=Vishay New=YAGEO
Change Value of Parameter PartNumber in Part R89 Old=CRCW06034K70FKEB New= RC0603FR-074K7L
Change Value of Parameter Manufacturer in Part R90 Old=Vishay New=YAGEO
Change Value of Parameter PartNumber in Part R90 Old=CRCW06034K70FKEB New= RC0603FR-074K7L
Change Value of Parameter Manufacturer in Part R91 Old=Vishay New=YAGEO
Change Value of Parameter PartNumber in Part R91 Old=CRCW06034K70FKEB New= RC0603FR-074K7L
Change Value of Parameter Manufacturer in Part R92 Old=Vishay New=YAGEO
Change Value of Parameter PartNumber in Part R92 Old=CRCW060310K0FKEA New=AC0603FR-0710KL
Change Value of Parameter Manufacturer in Part R93 Old=Vishay New=YAGEO
Change Value of Parameter PartNumber in Part R93 Old=CRCW060310K0FKEA New=AC0603FR-0710KL
