Change Component Parameter Description in C30 Old=Capacitor New=
Change Component Parameter Description in C31 Old=Capacitor New=
Change Component Parameter Comment in C32 Old= New=CAP
Change Component Parameter Description in C32 Old=C0603C104K5RACTU New=
Change Component Parameter Comment in C33 Old= New=CAP
Change Component Parameter Description in C33 Old=C0603C104K5RACTU New=
Change Component Parameter Description in C34 Old=Capacitor New=
Change Component Parameter Description in C35 Old=Capacitor New=
Change Component Parameter Description in C36 Old=Capacitor New=
Change Component Parameter Description in C37 Old=Capacitor New=
Change Component Parameter Description in C38 Old=Capacitor New=
Change Component Parameter Comment in C39 Old= New=CAP
Change Component Parameter Description in C39 Old=C0603C104K5RACTU New=
Change Component Parameter Description in C40 Old=Capacitor New=
Change Component Parameter Description in C41 Old=Capacitor New=
Change Component Parameter Description in D4 Old=Diode_Schottky New=
Change Component Parameter Description in D5 Old=Diode_Schottky New=
Change Component Parameter Description in D6 Old=Diode_Schottky New=
Change Component Parameter Comment in R12 Old= New=Res
Change Component Parameter Description in R12 Old=Resistor New=
Change Component Parameter Comment in R13 Old= New=Res
Change Component Parameter Description in R13 Old=Resistor New=
Change Component Parameter Comment in R14 Old= New=Res
Change Component Parameter Description in R14 Old=CRCW06034K70FKEB New=
Change Component Parameter Comment in R15 Old= New=Res
Change Component Parameter Description in R15 Old=CRCW06034K70FKEB New=
Change Component Parameter Comment in R16 Old= New=Res
Change Component Parameter Description in R16 Old=CRCW06034K70FKEB New=
Change Component Parameter Comment in R17 Old= New=Res
Change Component Parameter Description in R17 Old=CRCW06034K70FKEB New=
Change Component Parameter Comment in R18 Old= New=Res
Change Component Parameter Description in R18 Old=CRCW06034K70FKEB New=
Change Component Parameter Comment in R19 Old= New=Res
Change Component Parameter Description in R19 Old=CRCW06034K70FKEB New=
Change Component Parameter Comment in R20 Old= New=Res
Change Component Parameter Description in R20 Old=CRCW06034K70FKEB New=
Change Component Parameter Comment in R21 Old= New=Res
Change Component Parameter Description in R21 Old=CRCW06034K70FKEB New=
Change Component Parameter Comment in R22 Old= New=Res
Change Component Parameter Description in R22 Old=Resistor New=
Change Component Parameter Comment in R23 Old= New=Res
Change Component Parameter Description in R23 Old=Resistor New=
Change Component Parameter Comment in R24 Old= New=Res
Change Component Parameter Description in R24 Old=Resistor New=
Change Component Parameter Comment in R25 Old= New=Res
Change Component Parameter Description in R25 Old=CRCW06034K70FKEB New=
Change Component Parameter Comment in R26 Old= New=Res
Change Component Parameter Description in R26 Old=CRCW06034K70FKEB New=
Change Component Parameter Comment in R27 Old= New=Res
Change Component Parameter Description in R27 Old=CRCW06034K70FKEB New=
Change Component Parameter Comment in R28 Old= New=Res
Change Component Parameter Description in R28 Old=CRCW06034K70FKEB New=
Change Component Parameter Comment in R29 Old= New=Res
Change Component Parameter Description in R29 Old=Resistor New=
Change Component Parameter Comment in TP8 Old= New=TP
Change Component Parameter Description in TP8 Old=Test Poin New=
Change Component Parameter Comment in TP9 Old= New=TP
Change Component Parameter Description in TP9 Old=Test Poin New=
Change Component Parameter Comment in TP10 Old= New=TP
Change Component Parameter Description in TP10 Old=Test Poin New=
