Change Component Parameter Comment in C66 Old= New=CAP
Change Component Parameter Description in C66 Old=C0603C104K5RACTU New=
Change Component Parameter Comment in C67 Old= New=CAP
Change Component Parameter Description in C67 Old=C0603C105K8RACTU New=
Change Component Parameter Comment in C68 Old= New=CAP
Change Component Parameter Description in C68 Old=C0603C104K5RACTU New=
Change Component Parameter Comment in C69 Old= New=CAP
Change Component Parameter Description in C69 Old=C0603C105K8RACTU New=
Change Component Parameter Description in DL4 Old=Led Red New=
Change Component Parameter Comment in R76 Old= New=Res
Change Component Parameter Description in R76 Old=CRCW06034K70FKEB New=
Change Component Parameter Comment in R77 Old= New=Res
Change Component Parameter Description in R77 Old=CRCW06034K70FKEB New=
Change Component Parameter Comment in R78 Old= New=Res
Change Component Parameter Description in R78 Old=CRCW060310K0FKEA New=
Change Component Parameter Comment in R79 Old= New=Res
Change Component Parameter Description in R79 Old=CRCW060310K0FKEA New=
Change Component Parameter Comment in R80 Old= New=Res
Change Component Parameter Description in R80 Old=RC0603FR-07560RL New=
Change Component Parameter Comment in TP14 Old= New=TP
Change Component Parameter Description in TP14 Old=Test Poin New=
Change Component Parameter Comment in TP15 Old= New=TP
Change Component Parameter Description in TP15 Old=Test Poin New=
Change Component Parameter Comment in TP16 Old= New=TP
Change Component Parameter Description in TP16 Old=Test Poin New=
