Change Component Designator: Old Designator=C61 New Designator=C?
Change Component Designator: Old Designator=C62 New Designator=C?
Change Component Designator: Old Designator=C63 New Designator=C?
Change Component Designator: Old Designator=C64 New Designator=C?
Change Component Designator: Old Designator=C65 New Designator=C?
Change Component Designator: Old Designator=C66 New Designator=C?
Change Component Designator: Old Designator=C67 New Designator=C?
Change Component Designator: Old Designator=C68 New Designator=C?
Change Component Designator: Old Designator=C69 New Designator=C?
Change Component Designator: Old Designator=C70 New Designator=C?
Change Component Designator: Old Designator=D11 New Designator=D?
Change Component Designator: Old Designator=D12 New Designator=D?
Change Component Designator: Old Designator=R102 New Designator=R?
Change Component Designator: Old Designator=R103 New Designator=R?
Change Component Designator: Old Designator=R104 New Designator=R?
Change Component Designator: Old Designator=R105 New Designator=R?
Change Component Designator: Old Designator=R106 New Designator=R?
Change Component Designator: Old Designator=R107 New Designator=R?
Change Component Designator: Old Designator=R108 New Designator=R?
Change Component Designator: Old Designator=R109 New Designator=R?
Change Component Designator: Old Designator=R110 New Designator=R?
Change Component Designator: Old Designator=R111 New Designator=R?
Change Component Designator: Old Designator=R112 New Designator=R?
Change Component Designator: Old Designator=R113 New Designator=R?
Change Component Designator: Old Designator=R114 New Designator=R?
Change Component Designator: Old Designator=R115 New Designator=R?
Change Component Designator: Old Designator=R116 New Designator=R?
Change Component Designator: Old Designator=R117 New Designator=R?
Change Component Designator: Old Designator=R118 New Designator=R?
Change Component Designator: Old Designator=R119 New Designator=R?
Change Component Designator: Old Designator=R120 New Designator=R?
Change Component Designator: Old Designator=R121 New Designator=R?
Change Component Designator: Old Designator=R122 New Designator=R?
Change Component Designator: Old Designator=R123 New Designator=R?
Change Component Designator: Old Designator=TP17 New Designator=TP?
Change Component Designator: Old Designator=TP18 New Designator=TP?
Change Component Designator: Old Designator=U16 New Designator=U?
Change Component Designator: Old Designator=U17 New Designator=U?
