Change Component Parameter Description in C70 Old=Capacitor New=
Change Component Parameter Comment in C71 Old= New=CAP
Change Component Parameter Description in C71 Old=C0603C104K5RACTU New=
Change Component Parameter Description in C72 Old=Capacitor New=
Change Component Parameter Description in C73 Old=Capacitor New=
Change Component Parameter Description in C74 Old=Capacitor New=
Change Component Parameter Description in C75 Old=Capacitor New=
Change Component Parameter Comment in C76 Old= New=CAP
Change Component Parameter Description in C76 Old=C0603C104K5RACTU New=
Change Component Parameter Description in C77 Old=Capacitor New=
Change Component Parameter Description in C78 Old=Capacitor New=
Change Component Parameter Description in C79 Old=Capacitor New=
Change Component Parameter Description in D12 Old=Diode_Schottky New=
Change Component Parameter Description in D13 Old=Diode_Schottky New=
Change Component Parameter Comment in R81 Old= New=Res
Change Component Parameter Description in R81 Old=Resistor New=
Change Component Parameter Comment in R82 Old= New=Res
Change Component Parameter Description in R82 Old=CRCW06034K70FKEB New=
Change Component Parameter Comment in R83 Old= New=Res
Change Component Parameter Description in R83 Old=CRCW06034K70FKEB New=
Change Component Parameter Comment in R84 Old= New=Res
Change Component Parameter Description in R84 Old=CRCW06034K70FKEB New=
Change Component Parameter Comment in R85 Old= New=Res
Change Component Parameter Description in R85 Old=CRCW06034K70FKEB New=
Change Component Parameter Comment in R86 Old= New=Res
Change Component Parameter Description in R86 Old=CRCW06034K70FKEB New=
Change Component Parameter Comment in R87 Old= New=Res
Change Component Parameter Description in R87 Old=CRCW06034K70FKEB New=
Change Component Parameter Comment in R88 Old= New=Res
Change Component Parameter Description in R88 Old=Resistor New=
Change Component Parameter Comment in R89 Old= New=Res
Change Component Parameter Description in R89 Old=Resistor New=
Change Component Parameter Comment in R90 Old= New=Res
Change Component Parameter Description in R90 Old=CRCW06034K70FKEB New=
Change Component Parameter Comment in R91 Old= New=Res
Change Component Parameter Description in R91 Old=CRCW06034K70FKEB New=
Change Component Parameter Comment in R92 Old= New=Res
Change Component Parameter Description in R92 Old=CRCW06034K70FKEB New=
Change Component Parameter Comment in R93 Old= New=Res
Change Component Parameter Description in R93 Old=CRCW06034K70FKEB New=
Change Component Parameter Comment in R94 Old= New=Res
Change Component Parameter Description in R94 Old=CRCW06034K70FKEB New=
Change Component Parameter Comment in R95 Old= New=Res
Change Component Parameter Description in R95 Old=CRCW06034K70FKEB New=
Change Component Parameter Comment in R96 Old= New=Res
Change Component Parameter Description in R96 Old=Resistor New=
Change Component Parameter Comment in TP17 Old= New=TP
Change Component Parameter Description in TP17 Old=Test Poin New=
Change Component Parameter Comment in TP18 Old= New=TP
Change Component Parameter Description in TP18 Old=Test Poin New=
