Removed Parameter Ambient Temperature Range High:+85°C from Part U3
Removed Parameter Ambient Temperature Range High:+85°C from Part U3
Removed Parameter Ambient Temperature Range Low:-40°C from Part U3
Removed Parameter Ambient Temperature Range Low:-40°C from Part U3
Removed Parameter Automotive:No from Part U3
Removed Parameter Automotive:No from Part U3
Removed Parameter Availability:Unavailable from Part J1
Removed Parameter Category:IC from Part U3
Removed Parameter Category:IC from Part U3
Removed Parameter ComponentLink2Description:Datasheet from Part U3
Removed Parameter ComponentLink2Description:Datasheet from Part U3
Removed Parameter ComponentLink2URL:https://www.st.com/en/microcontrollers-microprocessors/stm32f446re.html from Part U3
Removed Parameter ComponentLink2URL:https://www.st.com/en/microcontrollers-microprocessors/stm32f446re.html from Part U3
Removed Parameter Core Architecture:ARM Cortex-M4 from Part U3
Removed Parameter Core Architecture:ARM Cortex-M4 from Part U3
Removed Parameter Data Bus Width:32bits from Part U3
Removed Parameter Data Bus Width:32bits from Part U3
Removed Parameter Device Class L1:Integrated Circuits (ICs) from Part U3
Removed Parameter Device Class L1:Integrated Circuits (ICs) from Part U3
Removed Parameter Device Class L2:Embedded Processors and Controllers from Part U3
Removed Parameter Device Class L2:Embedded Processors and Controllers from Part U3
Removed Parameter Device Class L3:Microcontrollers from Part U3
Removed Parameter Device Class L3:Microcontrollers from Part U3
Removed Parameter Digikey Description:IC MCU 32BIT 512KB FLASH 64LQFP from Part U3
Removed Parameter Digikey Description:IC MCU 32BIT 512KB FLASH 64LQFP from Part U3
Removed Parameter Frequency:180MHz from Part U3
Removed Parameter Frequency:180MHz from Part U3
Removed Parameter Height:1.6mm from Part U3
Removed Parameter Height:1.6mm from Part U3
Removed Parameter Interface:I2C,SPI,UART,USART,CAN,USB,LIN,IrDA,I2S,Other from Part U3
Removed Parameter Interface:I2C,SPI,UART,USART,CAN,USB,LIN,IrDA,I2S,Other from Part U3
Removed Parameter Ipc Land Pattern Name:QFP50P1200X1200X160-64 from Part U3
Removed Parameter Ipc Land Pattern Name:QFP50P1200X1200X160-64 from Part U3
Removed Parameter Lead Free:Yes from Part U3
Removed Parameter Lead Free:Yes from Part U3
Removed Parameter Manufacturer Part Number:STM32F446RET6 from Part U3
Removed Parameter Manufacturer Part Number:STM32F446RET6 from Part U3
Removed Parameter Max Junction Temp:+105°C from Part U3
Removed Parameter Max Junction Temp:+105°C from Part U3
Removed Parameter Max Supply Voltage:3.6V from Part U3
Removed Parameter Max Supply Voltage:3.6V from Part U3
Removed Parameter Memory Size:512KBytes from Part U3
Removed Parameter Memory Size:512KBytes from Part U3
Removed Parameter Memory Type:FLASH from Part U3
Removed Parameter Memory Type:FLASH from Part U3
Removed Parameter MF:Samtec from Part J1
Removed Parameter Min Supply Voltage:1.7V from Part U3
Removed Parameter Min Supply Voltage:1.7V from Part U3
Removed Parameter Mouser Description:ARM Microcontrollers - MCU High-performance and DSP with FP, ARM Cortex-M4 MCU with 512 Kbytes Flash, 180 MHz CPU, Art Accelerator, SDRAM from Part U3
Removed Parameter Mouser Description:ARM Microcontrollers - MCU High-performance and DSP with FP, ARM Cortex-M4 MCU with 512 Kbytes Flash, 180 MHz CPU, Art Accelerator, SDRAM from Part U3
Removed Parameter MP:FTSH-105-X-X-DV-007-P-X from Part J1
Removed Parameter Number Of A/D Converters:3 from Part U3
Removed Parameter Number Of A/D Converters:3 from Part U3
Removed Parameter Number Of Adc Channels:16 from Part U3
Removed Parameter Number Of Adc Channels:16 from Part U3
Removed Parameter Number Of Cores:1 from Part U3
Removed Parameter Number Of Cores:1 from Part U3
Removed Parameter Number Of I2C Channels:4 from Part U3
Removed Parameter Number Of I2C Channels:4 from Part U3
Removed Parameter Number Of I/Os:50 from Part U3
Removed Parameter Number Of I/Os:50 from Part U3
Removed Parameter Number Of Pwm Channels:32 from Part U3
Removed Parameter Number Of Pwm Channels:32 from Part U3
Removed Parameter Number Of Spi Channels:4 from Part U3
Removed Parameter Number Of Spi Channels:4 from Part U3
Removed Parameter Number Of Timers/Counters:14 from Part U3
Removed Parameter Number Of Timers/Counters:14 from Part U3
Removed Parameter Number Of Uart Channels:6 from Part U3
Removed Parameter Number Of Uart Channels:6 from Part U3
Removed Parameter Number Of Usb Channels:2 from Part U3
Removed Parameter Number Of Usb Channels:2 from Part U3
Removed Parameter Octopart:https://octopart.com/stm32f446ret6-stmicroelectronics-52642920 from Part U3
Removed Parameter Octopart:https://octopart.com/stm32f446ret6-stmicroelectronics-52642920 from Part U3
Removed Parameter Package:LQFP64-5W from Part U3
Removed Parameter Package:LQFP64-5W from Part U3
Removed Parameter Package:None from Part J1
Removed Parameter Price:None from Part J1
Removed Parameter Ram Size:128KBytes from Part U3
Removed Parameter Ram Size:128KBytes from Part U3
Removed Parameter RoHS:TRUE from Part U3
Removed Parameter RoHS:TRUE from Part U3
Removed Parameter Standoff Height:0.05mm from Part U3
Removed Parameter Standoff Height:0.05mm from Part U3
Removed Parameter Temperature:-40°C to +105°C from Part U3
Removed Parameter Temperature:-40°C to +105°C from Part U3
Removed Parameter Temperature Range High:+105°C from Part U3
Removed Parameter Temperature Range High:+105°C from Part U3
Removed Parameter Temperature Range Low:-40°C from Part U3
Removed Parameter Temperature Range Low:-40°C from Part U3
