Removed Parameter SMD/PTH:SMD from Part C9
Removed Parameter SMD/PTH:SMD from Part C10
Removed Parameter SMD/PTH:SMD from Part C11
Removed Parameter SMD/PTH:SMD from Part C12
Removed Parameter SMD/PTH:SMD from Part C13
Removed Parameter SMD/PTH:SMD from Part C14
Removed Parameter SMD/PTH:SMD from Part C15
Removed Parameter SMD/PTH:SMD from Part C16
Removed Parameter SMD/PTH:SMD from Part C17
Removed Parameter SMD/PTH:SMD from Part C18
Removed Parameter SMD/PTH:SMD from Part C19
Removed Parameter SMD/PTH:SMD from Part C20
Removed Parameter SMD/PTH:SMD from Part C21
Removed Parameter SMD/PTH:SMD from Part C22
Removed Parameter SMD/PTH:SMD from Part C23
Removed Parameter SMD/PTH:SMD from Part C24
Removed Parameter SMD/PTH:SMD from Part DL3
Removed Parameter SMD/PTH:SMD from Part R8
Removed Parameter SMD/PTH:SMD from Part R9
Removed Parameter SMD/PTH:SMD from Part R10
Removed Parameter SMD/PTH:SMD from Part R12
Change Value of Parameter Manufacturer in Part R9 Old=Vishay New=YAGEO
Change Value of Parameter PartNumber in Part R9 Old=CRCW060310K0FKEA New=AC0603FR-0710KL
Change Value of Parameter Manufacturer in Part R11 Old=Vishay New=YAGEO
Change Value of Parameter PartNumber in Part R11 Old=CRCW06030000Z0EAC New=RC0603JR-070RL
