Change Component Parameter Comment in C11 Old= New=CAP
Change Component Parameter Description in C11 Old=GCJ31CR71A106MA13L New=
Change Component Parameter Comment in C12 Old= New=CAP
Change Component Parameter Description in C12 Old=C0603C104K5RACTU New=
Change Component Parameter Comment in C13 Old= New=CAP
Change Component Parameter Description in C13 Old=GCJ31CR71A106MA13L New=
Change Component Parameter Comment in C14 Old= New=CAP
Change Component Parameter Description in C14 Old=C0603C104K5RACTU New=
Change Component Parameter Comment in C15 Old= New=CAP
Change Component Parameter Description in C15 Old=GCJ31CR71A106MA13L New=
Change Component Parameter Comment in C16 Old= New=CAP
Change Component Parameter Description in C16 Old=C0603C104K5RACTU New=
Change Component Parameter Comment in C17 Old= New=CAP
Change Component Parameter Description in C17 Old=GCJ31CR71A106MA13L New=
Change Component Parameter Comment in C18 Old= New=CAP
Change Component Parameter Description in C18 Old=C0603C104K5RACTU New=
Change Component Parameter Comment in C19 Old= New=CAP
Change Component Parameter Description in C19 Old=C0603C104K5RACTU New=
Change Component Parameter Comment in C20 Old= New=CAP
Change Component Parameter Description in C20 Old=C0603C105K8RACTU New=
Change Component Parameter Comment in C21 Old= New=CAP
Change Component Parameter Description in C21 Old=C0603C104K5RACTU New=
Change Component Parameter Comment in C22 Old= New=CAP
Change Component Parameter Description in C22 Old=C0603C104K5RACTU New=
Change Component Parameter Comment in C23 Old= New=CAP
Change Component Parameter Description in C23 Old=C0603C104K5RACTU New=
Change Component Parameter Comment in C24 Old= New=CAP
Change Component Parameter Description in C24 Old=C1206C475K5RACTU New=
Change Component Parameter Comment in C25 Old= New=CAP
Change Component Parameter Description in C25 Old=C0603C104K5RACTU New=
Change Component Parameter Comment in DL3 Old= New=Led_Green
Change Component Parameter Description in DL3 Old=150060BS75000 New=
Change Component Parameter Comment in J1 Old= New=Connector
Change Component Parameter Description in L2 Old=Inductor New=
Change Component Parameter Comment in R7 Old= New=Res
Change Component Parameter Description in R7 Old=RC0603FR-07560RL New=
Change Component Parameter Comment in R8 Old= New=Res
Change Component Parameter Description in R8 Old=CRCW060310K0FKEA New=
Change Component Parameter Description in SW1 Old=CJS-1200TA New=
Change Component Parameter Comment in TP1 Old= New=TP
Change Component Parameter Description in TP1 Old=Test Poin New=
Change Component Parameter Comment in TP2 Old= New=TP
Change Component Parameter Description in TP2 Old=Test Poin New=
Change Component Parameter Comment in TP3 Old= New=TP
Change Component Parameter Description in TP3 Old=Test Poin New=
Change Component Parameter Comment in TP4 Old= New=TP
Change Component Parameter Description in TP4 Old=Test Poin New=
Change Component Parameter Comment in TP5 Old= New=TP
Change Component Parameter Description in TP5 Old=Test Poin New=
