Change Component Parameter Description in C42 Old=Capacitor New=
Change Component Parameter Description in C43 Old=Capacitor New=
Change Component Parameter Comment in C44 Old= New=CAP
Change Component Parameter Description in C44 Old=C0603C104K5RACTU New=
Change Component Parameter Comment in C45 Old= New=CAP
Change Component Parameter Description in C45 Old=C0603C104K5RACTU New=
Change Component Parameter Description in C46 Old=Capacitor New=
Change Component Parameter Description in C47 Old=Capacitor New=
Change Component Parameter Description in C48 Old=Capacitor New=
Change Component Parameter Description in C49 Old=Capacitor New=
Change Component Parameter Description in D7 Old=Diode_Schottky New=
Change Component Parameter Description in D8 Old=Diode_Schottky New=
Change Component Parameter Comment in R30 Old= New=Res
Change Component Parameter Description in R30 Old=Resistor New=
Change Component Parameter Comment in R31 Old= New=Res
Change Component Parameter Description in R31 Old=Resistor New=
Change Component Parameter Comment in R32 Old= New=Res
Change Component Parameter Description in R32 Old=CRCW06034K70FKEB New=
Change Component Parameter Comment in R33 Old= New=Res
Change Component Parameter Description in R33 Old=CRCW06034K70FKEB New=
Change Component Parameter Comment in R34 Old= New=Res
Change Component Parameter Description in R34 Old=CRCW06034K70FKEB New=
Change Component Parameter Comment in R35 Old= New=Res
Change Component Parameter Description in R35 Old=CRCW06034K70FKEB New=
Change Component Parameter Comment in R36 Old= New=Res
Change Component Parameter Description in R36 Old=CRCW06034K70FKEB New=
Change Component Parameter Comment in R37 Old= New=Res
Change Component Parameter Description in R37 Old=CRCW06034K70FKEB New=
Change Component Parameter Comment in R38 Old= New=Res
Change Component Parameter Description in R38 Old=CRCW06034K70FKEB New=
Change Component Parameter Comment in R39 Old= New=Res
Change Component Parameter Description in R39 Old=CRCW06034K70FKEB New=
Change Component Parameter Comment in R40 Old= New=Res
Change Component Parameter Description in R40 Old=Resistor New=
Change Component Parameter Comment in R41 Old= New=Res
Change Component Parameter Description in R41 Old=Resistor New=
Change Component Parameter Comment in TP11 Old= New=TP
Change Component Parameter Description in TP11 Old=Test Poin New=
Change Component Parameter Comment in TP12 Old= New=TP
Change Component Parameter Description in TP12 Old=Test Poin New=
