Change Component Parameter Comment in C54 Old= New=CAP
Change Component Parameter Description in C54 Old= New=
Change Component Parameter Comment in C55 Old= New=CAP
Change Component Parameter Description in C55 Old= New=
Change Component Parameter Comment in C56 Old= New=CAP
Change Component Parameter Description in C56 Old=C0603C104K5RACTU New=
Change Component Parameter Comment in C57 Old= New=CAP
Change Component Parameter Description in C57 Old=C0603C104K5RACTU New=
Change Component Parameter Comment in C58 Old= New=CAP
Change Component Parameter Description in C58 Old= New=
Change Component Parameter Comment in C59 Old= New=CAP
Change Component Parameter Description in C59 Old= New=
Change Component Parameter Comment in C60 Old= New=CAP
Change Component Parameter Description in C60 Old=C0603C104K5RACTU New=
Change Component Parameter Comment in C61 Old= New=CAP
Change Component Parameter Description in C61 Old=C0603C104K5RACTU New=
Change Component Parameter Comment in D10 Old= New=Diode TVS
Change Component Parameter Description in D10 Old=TVS DIODE 5.5V 8.5V SOT23-5 New=
Change Component Parameter Comment in R48 Old= New=Res
Change Component Parameter Description in R48 Old=CRCW060310K0FKEA New=
Change Component Parameter Comment in R49 Old= New=Res
Change Component Parameter Description in R49 Old=CRCW060310K0FKEA New=
Change Component Parameter Comment in R50 Old= New=Res
Change Component Parameter Description in R50 Old=CRCW06030000Z0EAC New=
Change Component Parameter Comment in R51 Old= New=Res
Change Component Parameter Description in R51 Old=CRCW06030000Z0EAC New=
Change Component Parameter Comment in R52 Old= New=Res
Change Component Parameter Description in R52 Old=CRCW060315K0FKEC New=
Change Component Parameter Comment in R53 Old= New=Res
Change Component Parameter Description in R53 Old=CRCW060315K0FKEC New=
Change Component Parameter Comment in R54 Old= New=Res
Change Component Parameter Description in R54 Old=CRCW06030000Z0EAC New=
Change Component Parameter Comment in R55 Old= New=Res
Change Component Parameter Description in R55 Old=CRCW06030000Z0EAC New=
Change Component Parameter Comment in R56 Old= New=Res
Change Component Parameter Description in R56 Old=CRCW060315K0FKEC New=
Change Component Parameter Comment in R57 Old= New=Res
Change Component Parameter Description in R57 Old=CRCW060315K0FKEC New=
Change Component Parameter Comment in R58 Old= New=Res
Change Component Parameter Description in R58 Old=CRCW060310K0FKEA New=
Change Component Parameter Comment in R59 Old= New=Res
Change Component Parameter Description in R59 Old=CRCW060310K0FKEA New=
Change Component Parameter Comment in R60 Old= New=Res
Change Component Parameter Description in R60 Old=CRCW060310K0FKEA New=
Change Component Parameter Comment in R61 Old= New=Res
Change Component Parameter Description in R61 Old=CRCW060310K0FKEA New=
Change Component Parameter Comment in R62 Old= New=Res
Change Component Parameter Description in R62 Old=CRCW06030000Z0EAC New=
Change Component Parameter Comment in R63 Old= New=Res
Change Component Parameter Description in R63 Old=CRCW06030000Z0EAC New=
Change Component Parameter Comment in R64 Old= New=Res
Change Component Parameter Description in R64 Old=CRCW060315K0FKEC New=
Change Component Parameter Comment in R65 Old= New=Res
Change Component Parameter Description in R65 Old=CRCW060315K0FKEC New=
Change Component Parameter Comment in R66 Old= New=Res
Change Component Parameter Description in R66 Old=CRCW06030000Z0EAC New=
Change Component Parameter Comment in R67 Old= New=Res
Change Component Parameter Description in R67 Old=CRCW06030000Z0EAC New=
Change Component Parameter Comment in R68 Old= New=Res
Change Component Parameter Description in R68 Old=CRCW060315K0FKEC New=
Change Component Parameter Comment in R69 Old= New=Res
Change Component Parameter Description in R69 Old=CRCW060315K0FKEC New=
Change Component Parameter Comment in R70 Old= New=Res
Change Component Parameter Description in R70 Old=CRCW060310K0FKEA New=
Change Component Parameter Comment in R71 Old= New=Res
Change Component Parameter Description in R71 Old=CRCW060310K0FKEA New=
