Removed Parameter SMD/PTH:SMD from Part C47
Removed Parameter SMD/PTH:SMD from Part C48
Removed Parameter SMD/PTH:SMD from Part C51
Removed Parameter SMD/PTH:SMD from Part C52
Removed Parameter SMD/PTH:SMD from Part U9
Removed Parameter SMD/PTH:SMD from Part U10
Removed Parameter SMD/PTH:SMD from Part U11
Removed Parameter SMD/PTH:SMD from Part U12
Change Value of Parameter Manufacturer in Part R46 Old=Vishay New=YAGEO
Change Value of Parameter PartNumber in Part R46 Old=CRCW060310K0FKEA New=AC0603FR-0710KL
Change Value of Parameter Manufacturer in Part R47 Old=Vishay New=YAGEO
Change Value of Parameter PartNumber in Part R47 Old=CRCW060310K0FKEA New=AC0603FR-0710KL
Change Value of Parameter Manufacturer in Part R48 Old=Vishay New=YAGEO
Change Value of Parameter PartNumber in Part R48 Old=CRCW06030000Z0EAC New=RC0603JR-070RL
Change Value of Parameter Manufacturer in Part R49 Old=Vishay New=YAGEO
Change Value of Parameter PartNumber in Part R49 Old=CRCW06030000Z0EAC New=RC0603JR-070RL
Change Value of Parameter Manufacturer in Part R50 Old=Vishay New=YAGEO
Change Value of Parameter PartNumber in Part R50 Old=CRCW06030000Z0EAC New=RC0603JR-070RL
Change Value of Parameter Manufacturer in Part R51 Old=Vishay New=YAGEO
Change Value of Parameter PartNumber in Part R51 Old=CRCW06030000Z0EAC New=RC0603JR-070RL
Change Value of Parameter Manufacturer in Part R54 Old=Vishay New=YAGEO
Change Value of Parameter PartNumber in Part R54 Old=CRCW06030000Z0EAC New=RC0603JR-070RL
Change Value of Parameter Manufacturer in Part R55 Old=Vishay New=YAGEO
Change Value of Parameter PartNumber in Part R55 Old=CRCW06030000Z0EAC New=RC0603JR-070RL
Change Value of Parameter Manufacturer in Part R58 Old=Vishay New=YAGEO
Change Value of Parameter PartNumber in Part R58 Old=CRCW060310K0FKEA New=AC0603FR-0710KL
Change Value of Parameter Manufacturer in Part R59 Old=Vishay New=YAGEO
Change Value of Parameter PartNumber in Part R59 Old=CRCW060310K0FKEA New=AC0603FR-0710KL
Change Value of Parameter Manufacturer in Part R60 Old=Vishay New=YAGEO
Change Value of Parameter PartNumber in Part R60 Old=CRCW06030000Z0EAC New=RC0603JR-070RL
Change Value of Parameter Manufacturer in Part R61 Old=Vishay New=YAGEO
Change Value of Parameter PartNumber in Part R61 Old=CRCW06030000Z0EAC New=RC0603JR-070RL
Change Value of Parameter Manufacturer in Part R62 Old=Vishay New=YAGEO
Change Value of Parameter PartNumber in Part R62 Old=CRCW060310K0FKEA New=AC0603FR-0710KL
Change Value of Parameter Manufacturer in Part R63 Old=Vishay New=YAGEO
Change Value of Parameter PartNumber in Part R63 Old=CRCW060310K0FKEA New=AC0603FR-0710KL
Change Value of Parameter Manufacturer in Part R64 Old=Vishay New=YAGEO
Change Value of Parameter PartNumber in Part R64 Old=CRCW06030000Z0EAC New=RC0603JR-070RL
Change Value of Parameter Manufacturer in Part R65 Old=Vishay New=YAGEO
Change Value of Parameter PartNumber in Part R65 Old=CRCW06030000Z0EAC New=RC0603JR-070RL
Change Value of Parameter Manufacturer in Part R66 Old=Vishay New=YAGEO
Change Value of Parameter PartNumber in Part R66 Old=CRCW06030000Z0EAC New=RC0603JR-070RL
Change Value of Parameter Manufacturer in Part R67 Old=Vishay New=YAGEO
Change Value of Parameter PartNumber in Part R67 Old=CRCW06030000Z0EAC New=RC0603JR-070RL
Change Value of Parameter Manufacturer in Part R70 Old=Vishay New=YAGEO
Change Value of Parameter PartNumber in Part R70 Old=CRCW06030000Z0EAC New=RC0603JR-070RL
Change Value of Parameter Manufacturer in Part R71 Old=Vishay New=YAGEO
Change Value of Parameter PartNumber in Part R71 Old=CRCW06030000Z0EAC New=RC0603JR-070RL
Change Value of Parameter Manufacturer in Part R74 Old=Vishay New=YAGEO
Change Value of Parameter PartNumber in Part R74 Old=CRCW060310K0FKEA New=AC0603FR-0710KL
Change Value of Parameter Manufacturer in Part R75 Old=Vishay New=YAGEO
Change Value of Parameter PartNumber in Part R75 Old=CRCW060310K0FKEA New=AC0603FR-0710KL
Change Value of Parameter Manufacturer in Part R76 Old=Vishay New=YAGEO
Change Value of Parameter PartNumber in Part R76 Old=CRCW06030000Z0EAC New=RC0603JR-070RL
Change Value of Parameter Manufacturer in Part R77 Old=Vishay New=YAGEO
Change Value of Parameter PartNumber in Part R77 Old=CRCW06030000Z0EAC New=RC0603JR-070RL
