2025-07-29 00:11:18,342 [ERROR] LogOutputStream:75 - [STDERR_REDIRECT] 
2025-07-29 09:04:33,624 [INFO] Activator:176 - 


2025-07-29 09:04:33,626 [INFO] Activator:177 - !SESSION log4j initialized
2025-07-29 09:04:37,071 [INFO] LogOutputStream:77 - [STDOUT_REDIRECT] 
2025-07-29 09:04:38,167 [INFO] ApplicationProperties:184 - Using Application install path: Z:\ST\STM32CubeIDE_1.12.0\STM32CubeIDE\plugins\com.st.stm32cube.common.mx_6.15.0.202507011659
2025-07-29 09:04:38,181 [INFO] DbMcusXml:78 - Set database path to: Z:\ST\STM32CubeIDE_1.12.0\STM32CubeIDE\plugins\com.st.stm32cube.common.mx_6.15.0.202507011659\\db\/mcu/
2025-07-29 09:04:38,182 [INFO] ApiDb:274 - Set plugin database path to: Z:\ST\STM32CubeIDE_1.12.0\STM32CubeIDE\plugins\com.st.stm32cube.common.mx_6.15.0.202507011659\\db\/plugins/boardmanager/
2025-07-29 09:04:38,182 [WARN] ApiDb:259 - Overriding images path with different value:  => Z:\ST\STM32CubeIDE_1.12.0\STM32CubeIDE\plugins\com.st.stm32cube.common.mx_6.15.0.202507011659\\db\/plugins/mcufinder/images/
2025-07-29 09:04:38,186 [INFO] ApiDb:250 - Set database path to: C:\Users\Reatn\.stmcufinder\plugins\mcufinder//mcu/
2025-07-29 09:04:38,186 [INFO] DbMcusAds:125 - Set database path to: C:\Users\Reatn\.stmcufinder\plugins\mcufinder//mcu/
2025-07-29 09:04:38,189 [INFO] CrossReferenceDbSqlite:203 - Set database path to: C:\Users\Reatn\.stmcufinder\plugins\mcufinder//mcu/cs/
2025-07-29 09:04:38,263 [INFO] RulesReader:64 - Compatibility file has been processed (317 Rules)
2025-07-29 09:04:38,324 [INFO] DbMcusXml:78 - Set database path to: Z:\ST\STM32CubeIDE_1.12.0\STM32CubeIDE\plugins\com.st.stm32cube.common.mx_6.15.0.202507011659\\db\/mcu/
2025-07-29 09:04:38,324 [INFO] ApiDb:274 - Set plugin database path to: Z:\ST\STM32CubeIDE_1.12.0\STM32CubeIDE\plugins\com.st.stm32cube.common.mx_6.15.0.202507011659\\db\/plugins/boardmanager/
2025-07-29 09:04:38,324 [INFO] ApiDb:261 - Set plugin images path to: Z:\ST\STM32CubeIDE_1.12.0\STM32CubeIDE\plugins\com.st.stm32cube.common.mx_6.15.0.202507011659\\db\/plugins/mcufinder/images/
2025-07-29 09:04:38,324 [WARN] DbFile:41 - Overriding database path with different value: C:\Users\Reatn\.stmcufinder\plugins\mcufinder/ => C:\Users\Reatn\.stmcufinder\plugins\mcufinder
2025-07-29 09:04:38,324 [INFO] ApiDb:250 - Set database path to: C:\Users\Reatn\.stmcufinder\plugins\mcufinder//mcu/
2025-07-29 09:04:38,324 [WARN] DbFile:41 - Overriding database path with different value: C:\Users\Reatn\.stmcufinder\plugins\mcufinder/ => C:\Users\Reatn\.stmcufinder\plugins\mcufinder
2025-07-29 09:04:38,324 [INFO] DbMcusAds:125 - Set database path to: C:\Users\Reatn\.stmcufinder\plugins\mcufinder//mcu/
2025-07-29 09:04:38,324 [WARN] DbFile:41 - Overriding database path with different value: C:\Users\Reatn\.stmcufinder\plugins\mcufinder/ => C:\Users\Reatn\.stmcufinder\plugins\mcufinder
2025-07-29 09:04:38,324 [WARN] DbFile:41 - Overriding database path with different value: C:\Users\Reatn\.stmcufinder\plugins\mcufinder/ => C:\Users\Reatn\.stmcufinder\plugins\mcufinder
2025-07-29 09:04:38,324 [INFO] CrossReferenceDbSqlite:203 - Set database path to: C:\Users\Reatn\.stmcufinder\plugins\mcufinder//mcu/cs/
2025-07-29 09:04:38,373 [INFO] MainPanel:274 - HeapMemory: 268435456
2025-07-29 09:04:38,460 [INFO] DbMcusXml:78 - Set database path to: Z:\ST\STM32CubeIDE_1.12.0\STM32CubeIDE\plugins\com.st.stm32cube.common.mx_6.15.0.202507011659\\db\/mcu/
2025-07-29 09:04:38,460 [INFO] ApiDb:274 - Set plugin database path to: Z:\ST\STM32CubeIDE_1.12.0\STM32CubeIDE\plugins\com.st.stm32cube.common.mx_6.15.0.202507011659\\db\/plugins/boardmanager/
2025-07-29 09:04:38,460 [INFO] ApiDb:261 - Set plugin images path to: Z:\ST\STM32CubeIDE_1.12.0\STM32CubeIDE\plugins\com.st.stm32cube.common.mx_6.15.0.202507011659\\db\/plugins/mcufinder/images/
2025-07-29 09:04:38,461 [WARN] DbFile:41 - Overriding database path with different value: C:\Users\Reatn\.stmcufinder\plugins\mcufinder/ => C:\Users\Reatn\.stmcufinder\plugins\mcufinder
2025-07-29 09:04:38,461 [INFO] ApiDb:250 - Set database path to: C:\Users\Reatn\.stmcufinder\plugins\mcufinder//mcu/
2025-07-29 09:04:38,461 [WARN] DbFile:41 - Overriding database path with different value: C:\Users\Reatn\.stmcufinder\plugins\mcufinder/ => C:\Users\Reatn\.stmcufinder\plugins\mcufinder
2025-07-29 09:04:38,461 [INFO] DbMcusAds:125 - Set database path to: C:\Users\Reatn\.stmcufinder\plugins\mcufinder//mcu/
2025-07-29 09:04:38,461 [WARN] DbFile:41 - Overriding database path with different value: C:\Users\Reatn\.stmcufinder\plugins\mcufinder/ => C:\Users\Reatn\.stmcufinder\plugins\mcufinder
2025-07-29 09:04:38,461 [WARN] DbFile:41 - Overriding database path with different value: C:\Users\Reatn\.stmcufinder\plugins\mcufinder/ => C:\Users\Reatn\.stmcufinder\plugins\mcufinder
2025-07-29 09:04:38,461 [INFO] CrossReferenceDbSqlite:203 - Set database path to: C:\Users\Reatn\.stmcufinder\plugins\mcufinder//mcu/cs/
2025-07-29 09:04:38,472 [INFO] ApplicationProperties:184 - Using Application install path: Z:\ST\STM32CubeIDE_1.12.0\STM32CubeIDE\plugins\com.st.stm32cube.common.mx_6.15.0.202507011659
2025-07-29 09:04:38,474 [INFO] PluginManage:196 - Search for loadable plugins [exclusion list=, ]
2025-07-29 09:04:38,474 [INFO] PluginManage:310 - Check plugin analytics
2025-07-29 09:04:38,620 [INFO] AnalyticsPlugin:253 - Accepted Software Licenses: STM32CubeMX.6.8.0
2025-07-29 09:04:38,620 [INFO] AnalyticsPlugin:255 - Accepted CMSIS Pack Licenses: 
2025-07-29 09:04:38,620 [INFO] AnalyticsPlugin:257 - Accepted Firmware Licenses: 
2025-07-29 09:04:38,623 [INFO] PluginManage:359 - Loaded plugin analytics (category:tool,tabindex:-1)
2025-07-29 09:04:38,623 [INFO] PluginManage:310 - Check plugin cadmodel
2025-07-29 09:04:38,627 [INFO] CADModel:105 - Init CAD model plugin
2025-07-29 09:04:38,627 [INFO] PluginManage:359 - Loaded plugin cadmodel (category:power,tabindex:5)
2025-07-29 09:04:38,629 [INFO] PluginManage:310 - Check plugin clock
2025-07-29 09:04:38,636 [INFO] PluginManage:359 - Loaded plugin clock (category:base,tabindex:2)
2025-07-29 09:04:38,636 [INFO] PluginManage:310 - Check plugin ddr
2025-07-29 09:04:38,638 [INFO] PluginManage:359 - Loaded plugin ddr (category:tool,tabindex:6)
2025-07-29 09:04:38,638 [INFO] PluginManage:310 - Check plugin filemanager
2025-07-29 09:04:38,760 [INFO] PluginManage:359 - Loaded plugin filemanager (category:base,tabindex:10)
2025-07-29 09:04:38,760 [INFO] PluginManage:310 - Check plugin ipmanager
2025-07-29 09:04:38,765 [INFO] PluginManage:359 - Loaded plugin ipmanager (category:base,tabindex:5)
2025-07-29 09:04:38,765 [INFO] PluginManage:310 - Check plugin lpbam
2025-07-29 09:04:38,771 [INFO] PluginManage:359 - Loaded plugin lpbam (category:base,tabindex:0)
2025-07-29 09:04:38,771 [INFO] PluginManage:310 - Check plugin memorymap
2025-07-29 09:04:38,782 [INFO] PluginManage:359 - Loaded plugin memorymap (category:base,tabindex:4)
2025-07-29 09:04:38,782 [INFO] PluginManage:310 - Check plugin pinoutandconfiguration
2025-07-29 09:04:38,788 [INFO] PluginManage:359 - Loaded plugin pinoutandconfiguration (category:base,tabindex:1)
2025-07-29 09:04:38,788 [INFO] PluginManage:310 - Check plugin pinoutconfig
2025-07-29 09:04:38,846 [WARN] SupportedApi:132 - Cannot load RTOS API schema: s4s-elt-must-match.1: The content of 'definitions' must match (annotation?, (simpleType | complexType)?, (unique | key | keyref)*)). A problem was found starting at: attribute.
2025-07-29 09:04:38,938 [INFO] PluginManage:359 - Loaded plugin pinoutconfig (category:base,tabindex:0)
2025-07-29 09:04:38,938 [INFO] PluginManage:310 - Check plugin power
2025-07-29 09:04:38,945 [INFO] PluginManage:359 - Loaded plugin power (category:power,tabindex:4)
2025-07-29 09:04:38,945 [INFO] PluginManage:310 - Check plugin projectmanager
2025-07-29 09:04:38,957 [INFO] PluginManage:359 - Loaded plugin projectmanager (category:projectmanager,tabindex:4)
2025-07-29 09:04:38,957 [INFO] PluginManage:310 - Check plugin rif
2025-07-29 09:04:38,965 [INFO] PluginManage:359 - Loaded plugin rif (category:base,tabindex:3)
2025-07-29 09:04:38,965 [INFO] PluginManage:310 - Check plugin thirdparty
2025-07-29 09:04:39,065 [INFO] PluginManage:359 - Loaded plugin thirdparty (category:base,tabindex:-1)
2025-07-29 09:04:39,065 [INFO] PluginManage:310 - Check plugin tools
2025-07-29 09:04:39,065 [WARN] IntegrityCheckThread:84 - waiting for thirdparty lock release [integrity check]
2025-07-29 09:04:39,065 [INFO] IntegrityCheckThread:86 - entering critical section [integrity check]
2025-07-29 09:04:39,067 [INFO] ThirdPartyUpdaterWithRetryManager:70 - Updater plugin not ready yet. [1/15]
2025-07-29 09:04:39,069 [INFO] PluginManage:359 - Loaded plugin tools (category:base,tabindex:7)
2025-07-29 09:04:39,069 [INFO] PluginManage:310 - Check plugin tutovideos
2025-07-29 09:04:39,226 [INFO] PluginManage:359 - Loaded plugin tutovideos (category:base,tabindex:-1)
2025-07-29 09:04:39,226 [INFO] PluginManage:310 - Check plugin updater
2025-07-29 09:04:39,240 [INFO] PluginManage:359 - Loaded plugin updater (category:base,tabindex:12)
2025-07-29 09:04:39,240 [INFO] PluginManage:310 - Check plugin userauth
2025-07-29 09:04:39,244 [INFO] UserAuth:118 - Init User Auth plugin
2025-07-29 09:04:39,245 [INFO] PluginManage:359 - Loaded plugin userauth (category:base,tabindex:14)
2025-07-29 09:04:39,245 [INFO] PluginManage:283 - PluginManage : Loaded plugins [18]
2025-07-29 09:04:39,393 [INFO] PinOutPanel:1589 - setPackage(No Configuration,No Configuration)
2025-07-29 09:04:39,451 [INFO] CADModel:165 - CPN selected for project level
2025-07-29 09:04:39,453 [INFO] CADModel:114 - Register for checkConnection events
2025-07-29 09:04:39,468 [INFO] IPUIPlugin:80 - create IPUIPlugin
2025-07-29 09:04:39,468 [INFO] PluginManager:220 - loadIPPluginJar : add adc
2025-07-29 09:04:39,471 [INFO] IPUIPlugin:80 - create IPUIPlugin
2025-07-29 09:04:39,471 [INFO] PluginManager:220 - loadIPPluginJar : add aes
2025-07-29 09:04:39,472 [INFO] IPUIPlugin:80 - create IPUIPlugin
2025-07-29 09:04:39,472 [INFO] PluginManager:220 - loadIPPluginJar : add can
2025-07-29 09:04:39,474 [INFO] IPUIPlugin:80 - create IPUIPlugin
2025-07-29 09:04:39,474 [INFO] PluginManager:220 - loadIPPluginJar : add comp
2025-07-29 09:04:39,476 [INFO] IPUIPlugin:80 - create IPUIPlugin
2025-07-29 09:04:39,476 [INFO] PluginManager:220 - loadIPPluginJar : add cryp
2025-07-29 09:04:39,480 [INFO] IPUIPlugin:80 - create IPUIPlugin
2025-07-29 09:04:39,480 [INFO] PluginManager:220 - loadIPPluginJar : add ddr_ctrl_phy
2025-07-29 09:04:39,482 [INFO] IPUIPlugin:80 - create IPUIPlugin
2025-07-29 09:04:39,482 [INFO] PluginManager:220 - loadIPPluginJar : add dfsdm
2025-07-29 09:04:39,487 [INFO] IPUIPlugin:80 - create IPUIPlugin
2025-07-29 09:04:39,487 [INFO] PluginManager:220 - loadIPPluginJar : add dma
2025-07-29 09:04:39,489 [INFO] IPUIPlugin:80 - create IPUIPlugin
2025-07-29 09:04:39,489 [INFO] PluginManager:220 - loadIPPluginJar : add dma3
2025-07-29 09:04:39,492 [INFO] IPUIPlugin:80 - create IPUIPlugin
2025-07-29 09:04:39,492 [INFO] PluginManager:220 - loadIPPluginJar : add extmemmanager
2025-07-29 09:04:39,492 [INFO] IPUIPlugin:80 - create IPUIPlugin
2025-07-29 09:04:39,492 [INFO] PluginManager:220 - loadIPPluginJar : add fatfs
2025-07-29 09:04:39,497 [INFO] IPUIPlugin:80 - create IPUIPlugin
2025-07-29 09:04:39,497 [INFO] PluginManager:220 - loadIPPluginJar : add fmc
2025-07-29 09:04:39,503 [INFO] IPUIPlugin:80 - create IPUIPlugin
2025-07-29 09:04:39,503 [INFO] PluginManager:220 - loadIPPluginJar : add freertos
2025-07-29 09:04:39,503 [INFO] IPUIPlugin:80 - create IPUIPlugin
2025-07-29 09:04:39,504 [INFO] PluginManager:220 - loadIPPluginJar : add genericplugin
2025-07-29 09:04:39,506 [INFO] IPUIPlugin:80 - create IPUIPlugin
2025-07-29 09:04:39,506 [INFO] PluginManager:220 - loadIPPluginJar : add gfxmmu
2025-07-29 09:04:39,510 [INFO] IPUIPlugin:80 - create IPUIPlugin
2025-07-29 09:04:39,510 [INFO] PluginManager:220 - loadIPPluginJar : add gic
2025-07-29 09:04:39,513 [INFO] IPUIPlugin:80 - create IPUIPlugin
2025-07-29 09:04:39,513 [INFO] PluginManager:220 - loadIPPluginJar : add gpio
2025-07-29 09:04:39,514 [INFO] IPUIPlugin:80 - create IPUIPlugin
2025-07-29 09:04:39,516 [INFO] PluginManager:220 - loadIPPluginJar : add gtzc
2025-07-29 09:04:39,518 [INFO] IPUIPlugin:80 - create IPUIPlugin
2025-07-29 09:04:39,518 [INFO] PluginManager:220 - loadIPPluginJar : add hash
2025-07-29 09:04:39,519 [INFO] IPUIPlugin:80 - create IPUIPlugin
2025-07-29 09:04:39,519 [INFO] PluginManager:220 - loadIPPluginJar : add i2c
2025-07-29 09:04:39,521 [INFO] IPUIPlugin:80 - create IPUIPlugin
2025-07-29 09:04:39,521 [INFO] PluginManager:220 - loadIPPluginJar : add i2s
2025-07-29 09:04:39,523 [INFO] IPUIPlugin:80 - create IPUIPlugin
2025-07-29 09:04:39,523 [INFO] PluginManager:220 - loadIPPluginJar : add i3c
2025-07-29 09:04:39,526 [INFO] IPUIPlugin:80 - create IPUIPlugin
2025-07-29 09:04:39,526 [INFO] PluginManager:220 - loadIPPluginJar : add ipddr
2025-07-29 09:04:39,532 [INFO] IPUIPlugin:80 - create IPUIPlugin
2025-07-29 09:04:39,532 [INFO] PluginManager:220 - loadIPPluginJar : add linkedlist
2025-07-29 09:04:39,534 [INFO] IPUIPlugin:80 - create IPUIPlugin
2025-07-29 09:04:39,536 [INFO] PluginManager:220 - loadIPPluginJar : add lorawan
2025-07-29 09:04:39,536 [INFO] IPUIPlugin:80 - create IPUIPlugin
2025-07-29 09:04:39,536 [INFO] PluginManager:220 - loadIPPluginJar : add ltdc
2025-07-29 09:04:39,540 [INFO] IPUIPlugin:80 - create IPUIPlugin
2025-07-29 09:04:39,540 [INFO] PluginManager:220 - loadIPPluginJar : add mdma
2025-07-29 09:04:39,543 [INFO] IPUIPlugin:80 - create IPUIPlugin
2025-07-29 09:04:39,543 [INFO] PluginManager:220 - loadIPPluginJar : add nvic
2025-07-29 09:04:39,545 [INFO] IPUIPlugin:80 - create IPUIPlugin
2025-07-29 09:04:39,545 [INFO] PluginManager:220 - loadIPPluginJar : add opamp
2025-07-29 09:04:39,548 [INFO] IPUIPlugin:80 - create IPUIPlugin
2025-07-29 09:04:39,548 [INFO] PluginManager:220 - loadIPPluginJar : add openamp
2025-07-29 09:04:39,550 [INFO] IPUIPlugin:80 - create IPUIPlugin
2025-07-29 09:04:39,550 [INFO] PluginManager:220 - loadIPPluginJar : add pdm2pcm
2025-07-29 09:04:39,555 [INFO] IPUIPlugin:80 - create IPUIPlugin
2025-07-29 09:04:39,556 [INFO] PluginManager:220 - loadIPPluginJar : add plateformsettings
2025-07-29 09:04:39,558 [INFO] IPUIPlugin:80 - create IPUIPlugin
2025-07-29 09:04:39,558 [INFO] PluginManager:220 - loadIPPluginJar : add quadspi
2025-07-29 09:04:39,559 [INFO] IPUIPlugin:80 - create IPUIPlugin
2025-07-29 09:04:39,559 [INFO] PluginManager:220 - loadIPPluginJar : add radio
2025-07-29 09:04:39,564 [INFO] IPUIPlugin:80 - create IPUIPlugin
2025-07-29 09:04:39,564 [INFO] PluginManager:220 - loadIPPluginJar : add resmgrutility
2025-07-29 09:04:39,567 [INFO] IPUIPlugin:80 - create IPUIPlugin
2025-07-29 09:04:39,567 [INFO] PluginManager:220 - loadIPPluginJar : add sai
2025-07-29 09:04:39,569 [INFO] IPUIPlugin:80 - create IPUIPlugin
2025-07-29 09:04:39,569 [INFO] PluginManager:220 - loadIPPluginJar : add spi
2025-07-29 09:04:39,574 [INFO] IPUIPlugin:80 - create IPUIPlugin
2025-07-29 09:04:39,574 [INFO] PluginManager:220 - loadIPPluginJar : add stm32_wpan
2025-07-29 09:04:39,575 [INFO] IPUIPlugin:80 - create IPUIPlugin
2025-07-29 09:04:39,575 [INFO] PluginManager:220 - loadIPPluginJar : add tim
2025-07-29 09:04:39,577 [INFO] IPUIPlugin:80 - create IPUIPlugin
2025-07-29 09:04:39,577 [INFO] PluginManager:220 - loadIPPluginJar : add touchsensing
2025-07-29 09:04:39,580 [INFO] IPUIPlugin:80 - create IPUIPlugin
2025-07-29 09:04:39,580 [INFO] PluginManager:220 - loadIPPluginJar : add tracer_emb
2025-07-29 09:04:39,582 [INFO] IPUIPlugin:80 - create IPUIPlugin
2025-07-29 09:04:39,582 [INFO] PluginManager:220 - loadIPPluginJar : add ts
2025-07-29 09:04:39,582 [INFO] IPUIPlugin:80 - create IPUIPlugin
2025-07-29 09:04:39,582 [INFO] PluginManager:220 - loadIPPluginJar : add tsc
2025-07-29 09:04:39,583 [INFO] IPUIPlugin:80 - create IPUIPlugin
2025-07-29 09:04:39,583 [INFO] PluginManager:220 - loadIPPluginJar : add ucpd
2025-07-29 09:04:39,585 [INFO] IPUIPlugin:80 - create IPUIPlugin
2025-07-29 09:04:39,585 [INFO] PluginManager:220 - loadIPPluginJar : add usart
2025-07-29 09:04:39,588 [INFO] IPUIPlugin:80 - create IPUIPlugin
2025-07-29 09:04:39,588 [INFO] PluginManager:220 - loadIPPluginJar : add usbx
2025-07-29 09:04:39,695 [FATAL] Updater:351 - Updater called before beeing initialized
2025-07-29 09:04:39,716 [INFO] RulesReader:64 - Compatibility file has been processed (317 Rules)
2025-07-29 09:04:39,725 [INFO] RulesReader:64 - Compatibility file has been processed (317 Rules)
2025-07-29 09:04:39,733 [INFO] CADModel:165 - CPN selected for project level
2025-07-29 09:04:39,735 [INFO] CADModel:114 - Register for checkConnection events
2025-07-29 09:04:39,735 [FATAL] Updater:351 - Updater called before beeing initialized
2025-07-29 09:04:39,735 [ERROR] CADModel:125 - Updater not yet initialized, retry later 
2025-07-29 09:04:39,844 [FATAL] Updater:351 - Updater called before beeing initialized
2025-07-29 09:04:39,845 [INFO] CADModel:165 - CPN selected for project level
2025-07-29 09:04:39,845 [INFO] CADModel:114 - Register for checkConnection events
2025-07-29 09:04:39,845 [FATAL] Updater:351 - Updater called before beeing initialized
2025-07-29 09:04:39,845 [ERROR] CADModel:125 - Updater not yet initialized, retry later 
2025-07-29 09:04:39,848 [FATAL] Updater:351 - Updater called before beeing initialized
2025-07-29 09:04:39,929 [FATAL] Updater:351 - Updater called before beeing initialized
2025-07-29 09:04:39,935 [INFO] DbMcusAds:53 - JSON generation date=Thu Sep 30 08:55:09 CEST 2021 (1632984909247)
2025-07-29 09:04:39,935 [FATAL] Updater:351 - Updater called before beeing initialized
2025-07-29 09:04:39,960 [WARN] DetailPanel:346 - Failed to get advertising image, set to default
2025-07-29 09:04:40,038 [FATAL] Updater:351 - Updater called before beeing initialized
2025-07-29 09:04:40,040 [FATAL] Updater:351 - Updater called before beeing initialized
2025-07-29 09:04:40,040 [FATAL] Updater:351 - Updater called before beeing initialized
2025-07-29 09:04:40,040 [WARN] DetailPanel:346 - Failed to get advertising image, set to default
2025-07-29 09:04:40,041 [FATAL] Updater:351 - Updater called before beeing initialized
2025-07-29 09:04:40,076 [ERROR] Updater:1198 - MainUpdater not yet initialized. External WinMGr cannot be set.
2025-07-29 09:04:40,079 [INFO] Updater:1134 - Updater Version found : 6.15.0
2025-07-29 09:04:40,095 [INFO] ApplicationProperties:184 - Using Application install path: Z:\ST\STM32CubeIDE_1.12.0\STM32CubeIDE\plugins\com.st.stm32cube.common.mx_6.15.0.202507011659
2025-07-29 09:04:40,417 [INFO] MainUpdater:2872 - connection check result : 10
2025-07-29 09:04:40,419 [INFO] MainUpdater:289 - Updater Check For Update Now.
2025-07-29 09:04:40,419 [INFO] MicroXplorer:498 - Change Database Version : DB.6.0.150
2025-07-29 09:04:40,424 [INFO] McuFinderGlobals:63 - Set McuFinder mode to 2 (CubeIDE integrated)
2025-07-29 09:04:40,424 [INFO] UserAuth:171 - activating auth plugin
2025-07-29 09:04:40,430 [INFO] UserAuth:487 - Internet connection configuration mode: 1
2025-07-29 09:04:40,460 [INFO] JxBrowserEngine:152 - Initiate JxBrowser Engine with user profile folder
2025-07-29 09:04:40,607 [INFO] CheckServerUpdateThread:120 - End of CheckServer Thread
2025-07-29 09:04:41,188 [INFO] WebApp:169 - Instantiating new browser for Auth
2025-07-29 09:04:41,741 [INFO] WebApp:463 - Apply proxy settings
2025-07-29 09:04:41,741 [INFO] WebApp:548 - Chromium requires no authentication
2025-07-29 09:04:41,751 [INFO] WebApp:491 - Direct internet connection detected
2025-07-29 09:04:41,769 [INFO] WebApp:900 - Register for checkConnection events
2025-07-29 09:04:41,777 [INFO] WebApp:463 - Apply proxy settings
2025-07-29 09:04:41,777 [INFO] WebApp:548 - Chromium requires no authentication
2025-07-29 09:04:41,778 [INFO] WebApp:491 - Direct internet connection detected
2025-07-29 09:04:41,922 [INFO] WebApp:225 - Starting web application
2025-07-29 09:04:41,923 [INFO] WebApp:593 - Web application path used Z:\ST\STM32CubeIDE_1.12.0\STM32CubeIDE\plugins\com.st.stm32cube.common.mx_6.15.0.202507011659\db\plugins\mcufinder\reactClient1\index.html
2025-07-29 09:04:42,072 [INFO] WebApp:191 - Connection restablished
2025-07-29 09:04:42,221 [WARN] PackLoader:240 - Cannot read IP mode file for STMicroelectronics.FP-SNS-MOTENVWB1.1.4.0
2025-07-29 09:04:42,225 [WARN] PackLoader:240 - Cannot read IP mode file for STMicroelectronics.FP-ATR-ASTRA1.2.0.2
2025-07-29 09:04:42,232 [WARN] PackLoader:240 - Cannot read IP mode file for STMicroelectronics.X-CUBE-SMBUS.2.1.0
2025-07-29 09:04:42,238 [WARN] PackLoader:240 - Cannot read IP mode file for STMicroelectronics.X-CUBE-ST60.1.0.0
2025-07-29 09:04:42,260 [WARN] PackLoader:240 - Cannot read IP mode file for STMicroelectronics.X-CUBE-AZRTOS-F7.1.1.0
2025-07-29 09:04:42,269 [WARN] PackLoader:240 - Cannot read IP mode file for STMicroelectronics.X-CUBE-BLE1.6.2.4
2025-07-29 09:04:42,288 [WARN] PackLoader:240 - Cannot read IP mode file for Infineon.AIROC-Wi-Fi-Bluetooth-STM32.1.7.0
2025-07-29 09:04:42,306 [WARN] PackLoader:240 - Cannot read IP mode file for STMicroelectronics.X-CUBE-AZRTOS-H7.3.4.0
2025-07-29 09:04:42,314 [WARN] PackLoader:240 - Cannot read IP mode file for STMicroelectronics.X-CUBE-DISPLAY.3.0.0
2025-07-29 09:04:42,320 [WARN] PackLoader:240 - Cannot read IP mode file for STMicroelectronics.X-CUBE-NFC10.1.0.0
2025-07-29 09:04:42,328 [WARN] PackLoader:240 - Cannot read IP mode file for STMicroelectronics.X-CUBE-BLEMGR.4.0.0
2025-07-29 09:04:42,333 [WARN] ConditionMgr:438 - getConditionDescription Invalid condition id : Cortex-A Device cause : null
2025-07-29 09:04:42,344 [WARN] ConditionMgr:1044 - genDependencies : Invalid condition id : Cortex-A Device cause : null
2025-07-29 09:04:42,344 [WARN] ConditionMgr:1044 - genDependencies : Invalid condition id : Cortex-A Device cause : null
2025-07-29 09:04:42,344 [WARN] ConditionMgr:1044 - genDependencies : Invalid condition id : Cortex-A Device cause : null
2025-07-29 09:04:42,346 [WARN] PackLoader:240 - Cannot read IP mode file for STMicroelectronics.X-CUBE-AI.10.0.0
2025-07-29 09:04:42,352 [WARN] PackLoader:240 - Cannot read IP mode file for STMicroelectronics.FP-SNS-SMARTAG2.1.2.0
2025-07-29 09:04:42,355 [WARN] PackLoader:240 - Cannot read IP mode file for STMicroelectronics.FP-SNS-FLIGHT1.5.1.0
2025-07-29 09:04:42,361 [INFO] LogOutputStream:77 - [STDOUT_REDIRECT] 1 : Invalid condition id : UX_CORESTACK_Condition cause : null
2025-07-29 09:04:42,361 [INFO] LogOutputStream:77 - [STDOUT_REDIRECT] 1 : Invalid condition id : UX_CORESTACK_Condition cause : null
2025-07-29 09:04:42,363 [INFO] LogOutputStream:77 - [STDOUT_REDIRECT] 1 : Invalid condition id : UX_CORESTACK_Condition cause : null
2025-07-29 09:04:42,363 [INFO] LogOutputStream:77 - [STDOUT_REDIRECT] 1 : Invalid condition id : UX_CORESTACK_Condition cause : null
2025-07-29 09:04:42,364 [INFO] LogOutputStream:77 - [STDOUT_REDIRECT] 1 : Invalid condition id : UX_CORESTACK_Condition cause : null
2025-07-29 09:04:42,367 [WARN] PackLoader:240 - Cannot read IP mode file for STMicroelectronics.X-CUBE-AZRTOS-WL.2.0.0
2025-07-29 09:04:42,372 [WARN] PackLoader:240 - Cannot read IP mode file for STMicroelectronics.FP-SNS-MOTENV1.5.0.0
2025-07-29 09:04:42,380 [WARN] PackLoader:240 - Cannot read IP mode file for WES.I-CUBE-Cesium.1.3.0
2025-07-29 09:04:42,384 [WARN] PackLoader:240 - Cannot read IP mode file for STMicroelectronics.X-CUBE-BLE2.3.3.0
2025-07-29 09:04:42,394 [WARN] PackLoader:240 - Cannot read IP mode file for STMicroelectronics.X-CUBE-NFC9.1.0.0
2025-07-29 09:04:42,400 [WARN] PackLoader:240 - Cannot read IP mode file for STMicroelectronics.X-CUBE-BLE1.7.1.0
2025-07-29 09:04:42,404 [WARN] PackLoader:240 - Cannot read IP mode file for wolfSSL.I-CUBE-wolfMQTT.1.19.2
2025-07-29 09:04:42,409 [WARN] PackLoader:240 - Cannot read IP mode file for STMicroelectronics.X-CUBE-EEPRMA1.5.2.0
2025-07-29 09:04:42,415 [WARN] PackLoader:240 - Cannot read IP mode file for STMicroelectronics.X-CUBE-TOUCHGFX.4.21.3
2025-07-29 09:04:42,419 [WARN] PackLoader:240 - Cannot read IP mode file for STMicroelectronics.X-CUBE-AI.10.1.0
2025-07-29 09:04:42,424 [WARN] PackLoader:240 - Cannot read IP mode file for STMicroelectronics.X-CUBE-ALGOBUILD.1.3.0
2025-07-29 09:04:42,451 [WARN] PackLoader:240 - Cannot read IP mode file for STMicroelectronics.X-CUBE-MEMS1.11.2.0
2025-07-29 09:04:42,529 [WARN] PackLoader:240 - Cannot read IP mode file for STMicroelectronics.X-CUBE-AZRTOS-G0.1.1.0
2025-07-29 09:04:42,536 [WARN] PackLoader:240 - Cannot read IP mode file for STMicroelectronics.X-CUBE-SAFEA1.1.2.2
2025-07-29 09:04:42,542 [WARN] PackLoader:240 - Cannot read IP mode file for STMicroelectronics.X-CUBE-NFC4.3.0.0
2025-07-29 09:04:42,570 [WARN] PackLoader:240 - Cannot read IP mode file for EmbeddedOffice.I-CUBE-FS-RTOS.1.0.1
2025-07-29 09:04:42,575 [WARN] PackLoader:240 - Cannot read IP mode file for STMicroelectronics.X-CUBE-WB05N.2.0.0
2025-07-29 09:04:42,578 [WARN] PackLoader:240 - Cannot read IP mode file for wolfSSL.I-CUBE-wolfTPM.3.8.0
2025-07-29 09:04:42,584 [WARN] PackLoader:240 - Cannot read IP mode file for STMicroelectronics.X-CUBE-TCPP.4.2.0
2025-07-29 09:04:42,589 [WARN] PackLoader:240 - Cannot read IP mode file for RealThread.X-CUBE-RT-Thread_Nano.4.1.1
2025-07-29 09:04:42,592 [WARN] PackLoader:240 - Cannot read IP mode file for STMicroelectronics.FP-ATR-SIGFOX1.3.2.0
2025-07-29 09:04:42,596 [WARN] PackLoader:240 - Cannot read IP mode file for STMicroelectronics.X-CUBE-EEPRMA1.5.1.0
2025-07-29 09:04:42,601 [WARN] PackLoader:240 - Cannot read IP mode file for ITTIA_DB.I-CUBE-ITTIADB.8.9.0
2025-07-29 09:04:42,620 [WARN] PackLoader:240 - Cannot read IP mode file for STMicroelectronics.X-CUBE-MEMS1.9.5.0
2025-07-29 09:04:42,676 [WARN] PackLoader:240 - Cannot read IP mode file for STMicroelectronics.X-CUBE-ST67W61.1.0.0
2025-07-29 09:04:42,690 [WARN] PackLoader:240 - Cannot read IP mode file for SEGGER.I-CUBE-embOS.1.3.1
2025-07-29 09:04:42,707 [WARN] PackLoader:240 - Cannot read IP mode file for STMicroelectronics.X-CUBE-ALGOBUILD.1.4.0
2025-07-29 09:04:42,733 [WARN] PackLoader:240 - Cannot read IP mode file for STMicroelectronics.X-CUBE-MEMS1.11.3.0
2025-07-29 09:04:42,784 [WARN] PackLoader:240 - Cannot read IP mode file for STMicroelectronics.X-CUBE-PM33A1.1.0.0
2025-07-29 09:04:42,788 [WARN] PackLoader:240 - Cannot read IP mode file for STMicroelectronics.X-CUBE-GNSS1.6.0.0
2025-07-29 09:04:42,796 [WARN] PackLoader:240 - Cannot read IP mode file for STMicroelectronics.X-CUBE-AZRTOS-F4.1.1.0
2025-07-29 09:04:42,801 [WARN] PackLoader:240 - Cannot read IP mode file for Avnet-IotConnect.X-CUBE-IoTC-DA16k-PMOD.1.0.0
2025-07-29 09:04:42,805 [WARN] PackLoader:240 - Cannot read IP mode file for wolfSSL.I-CUBE-wolfSSL.5.6.0
2025-07-29 09:04:42,808 [WARN] PackLoader:240 - Cannot read IP mode file for STMicroelectronics.X-CUBE-ISPU.2.1.0
2025-07-29 09:04:42,813 [WARN] PackLoader:240 - Cannot read IP mode file for STMicroelectronics.X-CUBE-NFC12.1.0.0
2025-07-29 09:04:42,823 [WARN] PackLoader:240 - Cannot read IP mode file for STMicroelectronics.X-CUBE-AZRTOS-L5.2.0.0
2025-07-29 09:04:42,839 [WARN] PackLoader:240 - Cannot read IP mode file for STMicroelectronics.X-CUBE-MEMS1.9.6.0
2025-07-29 09:04:42,912 [WARN] PackLoader:240 - Cannot read IP mode file for STMicroelectronics.X-CUBE-NFC6.3.1.0
2025-07-29 09:04:42,916 [WARN] PackLoader:240 - Cannot read IP mode file for emotas.I-CUBE-CANOPEN.1.1.3
2025-07-29 09:04:42,920 [WARN] PackLoader:240 - Cannot read IP mode file for STMicroelectronics.X-CUBE-BLEMGR.2.0.0
2025-07-29 09:04:42,927 [WARN] ConditionMgr:438 - getConditionDescription Invalid condition id : UX DEVICE CLASS RTOS Condition cause : null
2025-07-29 09:04:42,927 [WARN] ConditionMgr:438 - getConditionDescription Invalid condition id : UX DEVICE CLASS RTOS Condition cause : null
2025-07-29 09:04:42,928 [WARN] PackLoader:240 - Cannot read IP mode file for STMicroelectronics.X-CUBE-AZRTOS-H7.3.1.0
2025-07-29 09:04:42,929 [WARN] ConditionMgr:1044 - genDependencies : Invalid condition id : UX DEVICE CLASS RTOS Condition cause : null
2025-07-29 09:04:42,929 [WARN] ConditionMgr:1044 - genDependencies : Invalid condition id : UX DEVICE CLASS RTOS Condition cause : null
2025-07-29 09:04:42,929 [WARN] ConditionMgr:1044 - genDependencies : Invalid condition id : UX DEVICE CLASS RTOS Condition cause : null
2025-07-29 09:04:42,929 [WARN] ConditionMgr:1044 - genDependencies : Invalid condition id : UX DEVICE CLASS RTOS Condition cause : null
2025-07-29 09:04:42,929 [WARN] ConditionMgr:1044 - genDependencies : Invalid condition id : UX DEVICE CLASS RTOS Condition cause : null
2025-07-29 09:04:42,934 [WARN] PackLoader:240 - Cannot read IP mode file for STMicroelectronics.X-CUBE-FREERTOS.1.3.1
2025-07-29 09:04:42,938 [WARN] PackLoader:240 - Cannot read IP mode file for STMicroelectronics.X-CUBE-FREERTOS.1.3.0
2025-07-29 09:04:42,941 [WARN] PackLoader:240 - Cannot read IP mode file for STMicroelectronics.X-CUBE-NFC7.1.0.1
2025-07-29 09:04:42,944 [WARN] PackLoader:240 - Cannot read IP mode file for STMicroelectronics.X-CUBE-NFC7.1.0.0
2025-07-29 09:04:42,947 [WARN] PackLoader:240 - Cannot read IP mode file for STMicroelectronics.X-CUBE-EEPRMA1.4.1.0
2025-07-29 09:04:42,953 [WARN] PackLoader:240 - Cannot read IP mode file for STMicroelectronics.FP-SNS-STAIOTCFT.1.0.0
2025-07-29 09:04:42,956 [WARN] PackLoader:240 - Cannot read IP mode file for STMicroelectronics.X-CUBE-DPower.1.3.0
2025-07-29 09:04:42,962 [WARN] ConditionMgr:438 - getConditionDescription Invalid condition id : LAN8742 Phy interface Condition cause : null
2025-07-29 09:04:42,964 [WARN] PackLoader:240 - Cannot read IP mode file for STMicroelectronics.X-CUBE-AZRTOS-L4.2.0.0
2025-07-29 09:04:42,964 [WARN] ConditionMgr:1044 - genDependencies : Invalid condition id : LAN8742 Phy interface Condition cause : null
2025-07-29 09:04:42,964 [WARN] ConditionMgr:1044 - genDependencies : Invalid condition id : LAN8742 Phy interface Condition cause : null
2025-07-29 09:04:42,964 [WARN] ConditionMgr:1044 - genDependencies : Invalid condition id : LAN8742 Phy interface Condition cause : null
2025-07-29 09:04:42,969 [WARN] PackLoader:240 - Cannot read IP mode file for STMicroelectronics.X-CUBE-SFXS2LP1.4.0.0
2025-07-29 09:04:42,972 [WARN] PackLoader:240 - Cannot read IP mode file for STMicroelectronics.X-CUBE-ISPU.1.1.0
2025-07-29 09:04:42,978 [WARN] PackLoader:240 - Cannot read IP mode file for STMicroelectronics.X-CUBE-AZRTOS-H7.3.3.0
2025-07-29 09:04:42,986 [WARN] PackLoader:240 - Cannot read IP mode file for STMicroelectronics.X-CUBE-BLEMGR.4.1.0
2025-07-29 09:04:42,989 [WARN] PackLoader:240 - Cannot read IP mode file for STMicroelectronics.X-CUBE-AI.8.0.0
2025-07-29 09:04:42,994 [WARN] ConditionMgr:438 - getConditionDescription Invalid condition id : UX DEVICE CLASS RTOS Condition cause : null
2025-07-29 09:04:42,995 [WARN] ConditionMgr:438 - getConditionDescription Invalid condition id : UX DEVICE CLASS RTOS Condition cause : null
2025-07-29 09:04:42,995 [WARN] PackLoader:240 - Cannot read IP mode file for STMicroelectronics.X-CUBE-AZRTOS-WB.2.0.0
2025-07-29 09:04:42,995 [WARN] ConditionMgr:1044 - genDependencies : Invalid condition id : UX DEVICE CLASS RTOS Condition cause : null
2025-07-29 09:04:42,996 [WARN] ConditionMgr:1044 - genDependencies : Invalid condition id : UX DEVICE CLASS RTOS Condition cause : null
2025-07-29 09:04:42,996 [WARN] ConditionMgr:1044 - genDependencies : Invalid condition id : UX DEVICE CLASS RTOS Condition cause : null
2025-07-29 09:04:42,998 [WARN] ConditionMgr:1044 - genDependencies : Invalid condition id : UX DEVICE CLASS RTOS Condition cause : null
2025-07-29 09:04:42,998 [WARN] ConditionMgr:1044 - genDependencies : Invalid condition id : UX DEVICE CLASS RTOS Condition cause : null
2025-07-29 09:04:43,002 [WARN] PackLoader:240 - Cannot read IP mode file for STMicroelectronics.X-CUBE-FREERTOS.1.0.1
2025-07-29 09:04:43,005 [WARN] PackLoader:240 - Cannot read IP mode file for STMicroelectronics.X-CUBE-GNSS1.7.0.1
2025-07-29 09:04:43,007 [WARN] PackLoader:240 - Cannot read IP mode file for STMicroelectronics.X-CUBE-TOUCHGFX.4.25.0
2025-07-29 09:04:43,010 [WARN] PackLoader:240 - Cannot read IP mode file for STMicroelectronics.FP-SNS-STBOX1.2.0.0
2025-07-29 09:04:43,018 [WARN] PackLoader:240 - Cannot read IP mode file for STMicroelectronics.X-CUBE-AZRTOS-L5.1.1.0
2025-07-29 09:04:43,024 [WARN] PackLoader:240 - Cannot read IP mode file for STMicroelectronics.X-CUBE-SUBG2.5.0.0
2025-07-29 09:04:43,034 [WARN] PackLoader:240 - Cannot read IP mode file for STMicroelectronics.X-CUBE-AZRTOS-H7RS.1.1.0
2025-07-29 09:04:43,038 [WARN] PackLoader:240 - Cannot read IP mode file for Cesanta.I-CUBE-Mongoose.7.13.0
2025-07-29 09:04:43,044 [WARN] PackLoader:240 - Cannot read IP mode file for STMicroelectronics.X-CUBE-AZRTOS-G4.2.0.0
2025-07-29 09:04:43,050 [WARN] PackLoader:240 - Cannot read IP mode file for STMicroelectronics.X-CUBE-TOF1.3.3.0
2025-07-29 09:04:43,056 [WARN] PackLoader:240 - Cannot read IP mode file for wolfSSL.I-CUBE-wolfSSH.1.4.20
2025-07-29 09:04:43,059 [WARN] PackLoader:240 - Cannot read IP mode file for STMicroelectronics.X-CUBE-NFC7.2.0.0
2025-07-29 09:04:43,065 [WARN] PackLoader:240 - Cannot read IP mode file for STMicroelectronics.X-CUBE-AZRTOS-G4.1.0.0
2025-07-29 09:04:43,073 [WARN] PackLoader:240 - Cannot read IP mode file for STMicroelectronics.X-CUBE-AZRTOS-L4.1.0.0
2025-07-29 09:04:43,090 [WARN] PackLoader:240 - Cannot read IP mode file for STMicroelectronics.X-CUBE-IPS.3.1.0
2025-07-29 09:04:43,095 [WARN] PackLoader:240 - Cannot read IP mode file for STMicroelectronics.X-CUBE-ALS.1.0.2
2025-07-29 09:04:43,101 [WARN] PackLoader:240 - Cannot read IP mode file for STMicroelectronics.X-CUBE-AZRTOS-WL.1.0.0
2025-07-29 09:04:43,106 [WARN] PackLoader:240 - Cannot read IP mode file for portGmbH.I-Cube-SoM-uGOAL.1.1.0
2025-07-29 09:04:43,109 [WARN] PackLoader:240 - Cannot read IP mode file for STMicroelectronics.X-CUBE-ALS.1.0.1
2025-07-29 09:04:43,114 [WARN] PackLoader:240 - Cannot read IP mode file for STMicroelectronics.X-CUBE-AZRTOS-WB.1.1.0
2025-07-29 09:04:43,119 [WARN] PackLoader:240 - Cannot read IP mode file for STMicroelectronics.FP-ATR-ASTRA1.2.0.0
2025-07-29 09:04:43,123 [WARN] PackLoader:240 - Cannot read IP mode file for STMicroelectronics.X-CUBE-TOF1.3.4.3
2025-07-29 09:04:43,128 [INFO] ThirdParty:978 - Integrity check success = true
2025-07-29 09:04:43,128 [INFO] IntegrityCheckThread:100 - exiting critical section [integrity check]
2025-07-29 09:04:43,128 [INFO] IntegrityCheckThread:103 - End integrity checks thread
2025-07-29 10:15:56,992 [ERROR] LogOutputStream:75 - [STDERR_REDIRECT] 
