09:33:42 **** Incremental Build of configuration Debug for project Can_Pdm_FW ****
make -j20 all 
arm-none-eabi-gcc "../Core/Src/freertos.c" -mcpu=cortex-m4 -std=gnu11 -g3 -DDEBUG -DUSE_HAL_DRIVER -DSTM32F446xx -c -I../Core/Inc -I../Drivers/STM32F4xx_HAL_Driver/Inc -I../Drivers/STM32F4xx_HAL_Driver/Inc/Legacy -I../Drivers/CMSIS/Device/ST/STM32F4xx/Include -I../Drivers/CMSIS/Include -I../USB_DEVICE/App -I../USB_DEVICE/Target -I../Middlewares/Third_Party/FreeRTOS/Source/include -I../Middlewares/Third_Party/FreeRTOS/Source/CMSIS_RTOS -I../Middlewares/Third_Party/FreeRTOS/Source/portable/GCC/ARM_CM4F -I../Middlewares/ST/STM32_USB_Device_Library/Core/Inc -I../Middlewares/ST/STM32_USB_Device_Library/Class/CDC/Inc -I../App/inc/ -O0 -ffunction-sections -fdata-sections -Wall -fstack-usage -fcyclomatic-complexity -MMD -MP -MF"Core/Src/freertos.d" -MT"Core/Src/freertos.o" --specs=nano.specs -mfpu=fpv4-sp-d16 -mfloat-abi=hard -mthumb -o "Core/Src/freertos.o"
In file included from ../Core/Src/freertos.c:24:
../Core/Src/freertos.c: In function 'MX_FREERTOS_Init':
../Core/Src/freertos.c:116:33: error: 'StartBlinkTxRxCanTask' undeclared (first use in this function); did you mean 'StartBlinkTxRxCan'?
  116 |   osThreadDef(BlinkTxRxCanTask, StartBlinkTxRxCanTask, osPriorityNormal, 0, 128);
      |                                 ^~~~~~~~~~~~~~~~~~~~~
../Middlewares/Third_Party/FreeRTOS/Source/CMSIS_RTOS/cmsis_os.h:416:11: note: in definition of macro 'osThreadDef'
  416 | { #name, (thread), (priority), (instances), (stacksz), NULL, NULL }
      |           ^~~~~~
../Core/Src/freertos.c:116:33: note: each undeclared identifier is reported only once for each function it appears in
  116 |   osThreadDef(BlinkTxRxCanTask, StartBlinkTxRxCanTask, osPriorityNormal, 0, 128);
      |                                 ^~~~~~~~~~~~~~~~~~~~~
../Middlewares/Third_Party/FreeRTOS/Source/CMSIS_RTOS/cmsis_os.h:416:11: note: in definition of macro 'osThreadDef'
  416 | { #name, (thread), (priority), (instances), (stacksz), NULL, NULL }
      |           ^~~~~~
make: *** [Core/Src/subdir.mk:52: Core/Src/freertos.o] Error 1
"make -j20 all" terminated with exit code 2. Build might be incomplete.
09:36:12 **** Incremental Build of configuration Debug for project Can_Pdm_FW ****
make -j20 all 
arm-none-eabi-gcc "../Core/Src/freertos.c" -mcpu=cortex-m4 -std=gnu11 -g3 -DDEBUG -DUSE_HAL_DRIVER -DSTM32F446xx -c -I../Core/Inc -I../Drivers/STM32F4xx_HAL_Driver/Inc -I../Drivers/STM32F4xx_HAL_Driver/Inc/Legacy -I../Drivers/CMSIS/Device/ST/STM32F4xx/Include -I../Drivers/CMSIS/Include -I../USB_DEVICE/App -I../USB_DEVICE/Target -I../Middlewares/Third_Party/FreeRTOS/Source/include -I../Middlewares/Third_Party/FreeRTOS/Source/CMSIS_RTOS -I../Middlewares/Third_Party/FreeRTOS/Source/portable/GCC/ARM_CM4F -I../Middlewares/ST/STM32_USB_Device_Library/Core/Inc -I../Middlewares/ST/STM32_USB_Device_Library/Class/CDC/Inc -I../App/inc/ -O0 -ffunction-sections -fdata-sections -Wall -fstack-usage -fcyclomatic-complexity -MMD -MP -MF"Core/Src/freertos.d" -MT"Core/Src/freertos.o" --specs=nano.specs -mfpu=fpv4-sp-d16 -mfloat-abi=hard -mthumb -o "Core/Src/freertos.o"
arm-none-eabi-gcc -o "Can_Pdm_FW.elf" @"objects.list"   -mcpu=cortex-m4 -T"C:\Users\Reatn\Desktop\Progetti\CAN_PDM\FW\Can_Pdm_FW\STM32F446RETX_FLASH.ld" --specs=nosys.specs -Wl,-Map="Can_Pdm_FW.map" -Wl,--gc-sections -static --specs=nano.specs -mfpu=fpv4-sp-d16 -mfloat-abi=hard -mthumb -Wl,--start-group -lc -lm -Wl,--end-group
Z:/ST/STM32CubeIDE_1.12.0/STM32CubeIDE/plugins/com.st.stm32cube.ide.mcu.externaltools.gnu-tools-for-stm32.13.3.rel1.win32_1.0.0.202411081344/tools/bin/../lib/gcc/arm-none-eabi/13.3.1/../../../../arm-none-eabi/bin/ld.exe: ./Core/Src/freertos.o:(.rodata+0x44): undefined reference to `StartBlinkTxRxCan'
collect2.exe: error: ld returned 1 exit status
make: *** [makefile:73: Can_Pdm_FW.elf] Error 1
"make -j20 all" terminated with exit code 2. Build might be incomplete.
09:36:48 **** Incremental Build of configuration Debug for project Can_Pdm_FW ****
make -j20 all 
arm-none-eabi-gcc "../Core/Src/freertos.c" -mcpu=cortex-m4 -std=gnu11 -g3 -DDEBUG -DUSE_HAL_DRIVER -DSTM32F446xx -c -I../Core/Inc -I../Drivers/STM32F4xx_HAL_Driver/Inc -I../Drivers/STM32F4xx_HAL_Driver/Inc/Legacy -I../Drivers/CMSIS/Device/ST/STM32F4xx/Include -I../Drivers/CMSIS/Include -I../USB_DEVICE/App -I../USB_DEVICE/Target -I../Middlewares/Third_Party/FreeRTOS/Source/include -I../Middlewares/Third_Party/FreeRTOS/Source/CMSIS_RTOS -I../Middlewares/Third_Party/FreeRTOS/Source/portable/GCC/ARM_CM4F -I../Middlewares/ST/STM32_USB_Device_Library/Core/Inc -I../Middlewares/ST/STM32_USB_Device_Library/Class/CDC/Inc -I../App/inc/ -O0 -ffunction-sections -fdata-sections -Wall -fstack-usage -fcyclomatic-complexity -MMD -MP -MF"Core/Src/freertos.d" -MT"Core/Src/freertos.o" --specs=nano.specs -mfpu=fpv4-sp-d16 -mfloat-abi=hard -mthumb -o "Core/Src/freertos.o"
arm-none-eabi-gcc -o "Can_Pdm_FW.elf" @"objects.list"   -mcpu=cortex-m4 -T"C:\Users\Reatn\Desktop\Progetti\CAN_PDM\FW\Can_Pdm_FW\STM32F446RETX_FLASH.ld" --specs=nosys.specs -Wl,-Map="Can_Pdm_FW.map" -Wl,--gc-sections -static --specs=nano.specs -mfpu=fpv4-sp-d16 -mfloat-abi=hard -mthumb -Wl,--start-group -lc -lm -Wl,--end-group
Z:/ST/STM32CubeIDE_1.12.0/STM32CubeIDE/plugins/com.st.stm32cube.ide.mcu.externaltools.gnu-tools-for-stm32.13.3.rel1.win32_1.0.0.202411081344/tools/bin/../lib/gcc/arm-none-eabi/13.3.1/../../../../arm-none-eabi/bin/ld.exe: ./Core/Src/freertos.o:(.rodata+0x44): undefined reference to `StartBlinkTxRxCan'
collect2.exe: error: ld returned 1 exit status
make: *** [makefile:73: Can_Pdm_FW.elf] Error 1
"make -j20 all" terminated with exit code 2. Build might be incomplete.
09:37:27 **** Incremental Build of configuration Debug for project Can_Pdm_FW ****
make -j20 all 
arm-none-eabi-gcc "../Core/Src/freertos.c" -mcpu=cortex-m4 -std=gnu11 -g3 -DDEBUG -DUSE_HAL_DRIVER -DSTM32F446xx -c -I../Core/Inc -I../Drivers/STM32F4xx_HAL_Driver/Inc -I../Drivers/STM32F4xx_HAL_Driver/Inc/Legacy -I../Drivers/CMSIS/Device/ST/STM32F4xx/Include -I../Drivers/CMSIS/Include -I../USB_DEVICE/App -I../USB_DEVICE/Target -I../Middlewares/Third_Party/FreeRTOS/Source/include -I../Middlewares/Third_Party/FreeRTOS/Source/CMSIS_RTOS -I../Middlewares/Third_Party/FreeRTOS/Source/portable/GCC/ARM_CM4F -I../Middlewares/ST/STM32_USB_Device_Library/Core/Inc -I../Middlewares/ST/STM32_USB_Device_Library/Class/CDC/Inc -I../App/inc/ -O0 -ffunction-sections -fdata-sections -Wall -fstack-usage -fcyclomatic-complexity -MMD -MP -MF"Core/Src/freertos.d" -MT"Core/Src/freertos.o" --specs=nano.specs -mfpu=fpv4-sp-d16 -mfloat-abi=hard -mthumb -o "Core/Src/freertos.o"
In file included from ../Core/Src/freertos.c:24:
../Core/Src/freertos.c: In function 'MX_FREERTOS_Init':
../Core/Src/freertos.c:116:33: error: 'StartBlinkTxRxCanTask' undeclared (first use in this function); did you mean 'StartBlinkTxRxCan'?
  116 |   osThreadDef(BlinkTxRxCanTask, StartBlinkTxRxCanTask, osPriorityNormal, 0, 128);
      |                                 ^~~~~~~~~~~~~~~~~~~~~
../Middlewares/Third_Party/FreeRTOS/Source/CMSIS_RTOS/cmsis_os.h:416:11: note: in definition of macro 'osThreadDef'
  416 | { #name, (thread), (priority), (instances), (stacksz), NULL, NULL }
      |           ^~~~~~
../Core/Src/freertos.c:116:33: note: each undeclared identifier is reported only once for each function it appears in
  116 |   osThreadDef(BlinkTxRxCanTask, StartBlinkTxRxCanTask, osPriorityNormal, 0, 128);
      |                                 ^~~~~~~~~~~~~~~~~~~~~
../Middlewares/Third_Party/FreeRTOS/Source/CMSIS_RTOS/cmsis_os.h:416:11: note: in definition of macro 'osThreadDef'
  416 | { #name, (thread), (priority), (instances), (stacksz), NULL, NULL }
      |           ^~~~~~
make: *** [Core/Src/subdir.mk:52: Core/Src/freertos.o] Error 1
"make -j20 all" terminated with exit code 2. Build might be incomplete.
09:38:07 **** Incremental Build of configuration Debug for project Can_Pdm_FW ****
make -j20 all 
arm-none-eabi-gcc "../Core/Src/freertos.c" -mcpu=cortex-m4 -std=gnu11 -g3 -DDEBUG -DUSE_HAL_DRIVER -DSTM32F446xx -c -I../Core/Inc -I../Drivers/STM32F4xx_HAL_Driver/Inc -I../Drivers/STM32F4xx_HAL_Driver/Inc/Legacy -I../Drivers/CMSIS/Device/ST/STM32F4xx/Include -I../Drivers/CMSIS/Include -I../USB_DEVICE/App -I../USB_DEVICE/Target -I../Middlewares/Third_Party/FreeRTOS/Source/include -I../Middlewares/Third_Party/FreeRTOS/Source/CMSIS_RTOS -I../Middlewares/Third_Party/FreeRTOS/Source/portable/GCC/ARM_CM4F -I../Middlewares/ST/STM32_USB_Device_Library/Core/Inc -I../Middlewares/ST/STM32_USB_Device_Library/Class/CDC/Inc -I../App/inc/ -O0 -ffunction-sections -fdata-sections -Wall -fstack-usage -fcyclomatic-complexity -MMD -MP -MF"Core/Src/freertos.d" -MT"Core/Src/freertos.o" --specs=nano.specs -mfpu=fpv4-sp-d16 -mfloat-abi=hard -mthumb -o "Core/Src/freertos.o"
In file included from ../Core/Src/freertos.c:24:
../Core/Src/freertos.c: In function 'MX_FREERTOS_Init':
../Core/Src/freertos.c:116:33: error: 'StartBlinkTxRxCanTask' undeclared (first use in this function); did you mean 'StartBlinkTxRxCan'?
  116 |   osThreadDef(BlinkTxRxCanTask, StartBlinkTxRxCanTask, osPriorityNormal, 0, 128);
      |                                 ^~~~~~~~~~~~~~~~~~~~~
../Middlewares/Third_Party/FreeRTOS/Source/CMSIS_RTOS/cmsis_os.h:416:11: note: in definition of macro 'osThreadDef'
  416 | { #name, (thread), (priority), (instances), (stacksz), NULL, NULL }
      |           ^~~~~~
../Core/Src/freertos.c:116:33: note: each undeclared identifier is reported only once for each function it appears in
  116 |   osThreadDef(BlinkTxRxCanTask, StartBlinkTxRxCanTask, osPriorityNormal, 0, 128);
      |                                 ^~~~~~~~~~~~~~~~~~~~~
../Middlewares/Third_Party/FreeRTOS/Source/CMSIS_RTOS/cmsis_os.h:416:11: note: in definition of macro 'osThreadDef'
  416 | { #name, (thread), (priority), (instances), (stacksz), NULL, NULL }
      |           ^~~~~~
make: *** [Core/Src/subdir.mk:52: Core/Src/freertos.o] Error 1
"make -j20 all" terminated with exit code 2. Build might be incomplete.
09:38:28 **** Incremental Build of configuration Debug for project Can_Pdm_FW ****
make -j20 all 
arm-none-eabi-gcc "../Core/Src/freertos.c" -mcpu=cortex-m4 -std=gnu11 -g3 -DDEBUG -DUSE_HAL_DRIVER -DSTM32F446xx -c -I../Core/Inc -I../Drivers/STM32F4xx_HAL_Driver/Inc -I../Drivers/STM32F4xx_HAL_Driver/Inc/Legacy -I../Drivers/CMSIS/Device/ST/STM32F4xx/Include -I../Drivers/CMSIS/Include -I../USB_DEVICE/App -I../USB_DEVICE/Target -I../Middlewares/Third_Party/FreeRTOS/Source/include -I../Middlewares/Third_Party/FreeRTOS/Source/CMSIS_RTOS -I../Middlewares/Third_Party/FreeRTOS/Source/portable/GCC/ARM_CM4F -I../Middlewares/ST/STM32_USB_Device_Library/Core/Inc -I../Middlewares/ST/STM32_USB_Device_Library/Class/CDC/Inc -I../App/inc/ -O0 -ffunction-sections -fdata-sections -Wall -fstack-usage -fcyclomatic-complexity -MMD -MP -MF"Core/Src/freertos.d" -MT"Core/Src/freertos.o" --specs=nano.specs -mfpu=fpv4-sp-d16 -mfloat-abi=hard -mthumb -o "Core/Src/freertos.o"
arm-none-eabi-gcc -o "Can_Pdm_FW.elf" @"objects.list"   -mcpu=cortex-m4 -T"C:\Users\Reatn\Desktop\Progetti\CAN_PDM\FW\Can_Pdm_FW\STM32F446RETX_FLASH.ld" --specs=nosys.specs -Wl,-Map="Can_Pdm_FW.map" -Wl,--gc-sections -static --specs=nano.specs -mfpu=fpv4-sp-d16 -mfloat-abi=hard -mthumb -Wl,--start-group -lc -lm -Wl,--end-group
Finished building target: Can_Pdm_FW.elf
 
arm-none-eabi-size  Can_Pdm_FW.elf 
arm-none-eabi-objdump -h -S Can_Pdm_FW.elf  > "Can_Pdm_FW.list"
   text	   data	    bss	    dec	    hex	filename
  47596	    488	  25376	  73460	  11ef4	Can_Pdm_FW.elf
Finished building: default.size.stdout
 
Finished building: Can_Pdm_FW.list
 
09:38:43 **** Incremental Build of configuration Debug for project Can_Pdm_FW ****
make -j20 all 
arm-none-eabi-gcc "../Core/Src/main.c" -mcpu=cortex-m4 -std=gnu11 -g3 -DDEBUG -DUSE_HAL_DRIVER -DSTM32F446xx -c -I../Core/Inc -I../Drivers/STM32F4xx_HAL_Driver/Inc -I../Drivers/STM32F4xx_HAL_Driver/Inc/Legacy -I../Drivers/CMSIS/Device/ST/STM32F4xx/Include -I../Drivers/CMSIS/Include -I../USB_DEVICE/App -I../USB_DEVICE/Target -I../Middlewares/Third_Party/FreeRTOS/Source/include -I../Middlewares/Third_Party/FreeRTOS/Source/CMSIS_RTOS -I../Middlewares/Third_Party/FreeRTOS/Source/portable/GCC/ARM_CM4F -I../Middlewares/ST/STM32_USB_Device_Library/Core/Inc -I../Middlewares/ST/STM32_USB_Device_Library/Class/CDC/Inc -I../App/inc/ -O0 -ffunction-sections -fdata-sections -Wall -fstack-usage -fcyclomatic-complexity -MMD -MP -MF"Core/Src/main.d" -MT"Core/Src/main.o" --specs=nano.specs -mfpu=fpv4-sp-d16 -mfloat-abi=hard -mthumb -o "Core/Src/main.o"
arm-none-eabi-gcc -o "Can_Pdm_FW.elf" @"objects.list"   -mcpu=cortex-m4 -T"C:\Users\Reatn\Desktop\Progetti\CAN_PDM\FW\Can_Pdm_FW\STM32F446RETX_FLASH.ld" --specs=nosys.specs -Wl,-Map="Can_Pdm_FW.map" -Wl,--gc-sections -static --specs=nano.specs -mfpu=fpv4-sp-d16 -mfloat-abi=hard -mthumb -Wl,--start-group -lc -lm -Wl,--end-group
Finished building target: Can_Pdm_FW.elf
 
arm-none-eabi-size  Can_Pdm_FW.elf 
arm-none-eabi-objdump -h -S Can_Pdm_FW.elf  > "Can_Pdm_FW.list"
   text	   data	    bss	    dec	    hex	filename
  47068	    488	  25336	  72892	  11cbc	Can_Pdm_FW.elf
Finished building: default.size.stdout
 
Finished building: Can_Pdm_FW.list
 
